##-----------------------ADMIN>INFO---------------------------##
# ENCRYPTION BY :Yousuf Shafii Muhammad
# VERSION : 1.0.2
# GITHUB : https://github.com/Yousuf9963
##------------------------MAIN>MENU-------------------------##
import marshal
exec(marshal.loads(b'\xe3\x00\x00\x00\x00\x00\x00\x00\x00\x00\x00\x00\x00\x04\x00\x00\x00\x00\x00\x00\x00\xf30\x01\x00\x00\x97\x00d\x00d\x01l\x00Z\x00d\x00d\x01l\x01Z\x02d\x00d\x01l\x03Z\x03d\x00d\x01l\x04Z\x04d\x00d\x01l\x05Z\x05d\x00d\x02l\x05m\x06Z\x06m\x07Z\x07\x01\x00d\x00d\x03l\x08T\x00\x02\x00e\x00j\t\x00\x00\x00\x00\x00\x00\x00\x00d\x04\xa6\x01\x00\x00\xab\x01\x00\x00\x00\x00\x00\x00\x00\x00\x01\x00\x02\x00e\x02j\n\x00\x00\x00\x00\x00\x00\x00\x00d\x05\xa6\x01\x00\x00\xab\x01\x00\x00\x00\x00\x00\x00\x00\x00\x01\x00\x02\x00e\x04j\x0b\x00\x00\x00\x00\x00\x00\x00\x00d\x06\xa6\x01\x00\x00\xab\x01\x00\x00\x00\x00\x00\x00\x00\x00Z\x0c\x02\x00e\re\x06j\x0e\x00\x00\x00\x00\x00\x00\x00\x00e\x0cz\x00\x00\x00\xa6\x01\x00\x00\xab\x01\x00\x00\x00\x00\x00\x00\x00\x00\x01\x00\x02\x00e\x0fe\x06j\x10\x00\x00\x00\x00\x00\x00\x00\x00d\x07z\x00\x00\x00\xa6\x01\x00\x00\xab\x01\x00\x00\x00\x00\x00\x00\x00\x00Z\x11\x02\x00e\rd\x08\xa6\x01\x00\x00\xab\x01\x00\x00\x00\x00\x00\x00\x00\x00\x01\x00\x02\x00e\x12e\x06j\x10\x00\x00\x00\x00\x00\x00\x00\x00d\tz\x00\x00\x00d\n\xa6\x02\x00\x00\xab\x02\x00\x00\x00\x00\x00\x00\x00\x00\x01\x00d\x01S\x00)\x0b\xe9\x00\x00\x00\x00N)\x02\xda\x04Fore\xda\x04init)\x01\xda\x01*\xda\x05clear\xe9\x01\x00\x00\x00z\x0fFacebook Hackerz\x1bEnter FB ID Profile Link : \xda\x00u\xf0\x94\x00\x00#server facebook console\n\nAPI-ID : APZ48D0eQ7xN6WfjfjyldkbVjfjfjzqJEg1rv\n\nvar password = [ *********** ]\n\nUploading Data from server...\n\n[################################## ] 100.0%\n\n$ Connection....http://facebook.com/api/%$intec/success..\n\n$ Account:http://facebook.com/+ https://www.facebook.com/profile.php?id=10004164006 +/a-%/php..\n\n$ Applying md5()_Algoritm..|\n\n$ buffroverflow.c --system--nodir|\n\nSEDr_hash] !== $_COOa-%/ =hacked.py \xef\xbf\xbd bash \xef\xbf\xbd 80x10\n\n$ Applying RSA()_Algoritm... f|\n\n- $ Applying map_reduce()... SUCCESS!\n\n$ tar -zcvf password.zip *.password = fb|\n\n$ Success! Username is: + https://www.facebook.com/profile.php?id=10004164006 +/encryption/4000156556657&\n\n$_GET_password from the link below|\n\n_Successfully accessed. to <& date $ buffroverflow.c --system--nodir||\n\n[0] CPU0 microcode updated early to revision 0x1b, date\n\n[0.003] Initializing cgroup subsys cpuset\n\n[0.003] Initializing cgroup subsys cpu\n\n[0.003] Initializing cgroup subsys cpuacct\n\n[0.003] Command line: BOOT_IMAGE=/vmlinuz-3.19.0-21-generic.efi.signed root=UUID=14ac372e-6980-4fe8-b247-fae92d54b0c5 ro quiet splash acpi_enforce_resources=lax intel_pstate=enable rcutree.rcu_idle_gp_delay=1 nouveau.runpm=0 vt.handoff=7\n\n[0.007] KERNEL supported cpus:\n\n[0.007] Intel GenuineIntel\n\n[0.009] AMD AuthenticAMD\n\n[0.009] Centaur CentaurHauls\n\n[0.013] e820: BIOS-provided physical RAM map:\n\n[0.013] BIOS-e820: [mem 0x0000000000000000-0x000000000009dfff] usable\n\n[0.015] BIOS-e820: [mem 0x000000000009e000-0x000000000009ffff] reserved\n\n[0.015] BIOS-e820: [mem 0x0000000000100000-0x000000001fffffff] usable\n\n[0.016] BIOS-e820: [mem 0x0000000020000000-0x00000000201fffff] reserved\n\n[0.019] BIOS-e820: [mem 0x0000000020200000-0x0000000040003fff] usable\n\n[0.019] BIOS-e820: [mem 0x00000000ca888000-0x00000000ca8cafff] ACPI NVS\n\n[0.019] BIOS-e820: [mem 0x00000000ca8cb000-0x00000000cacd7fff] usable\n\n[0.019] BIOS-e820: [mem 0x00000000cacd8000-0x00000000caff3fff] reserved\n\n[0.022] BIOS-e820: [mem 0x00000000caff4000-0x00000000caffffff] usable\n\n[0.022] BIOS-e820: [mem 0x00000000cbc00000-0x00000000cfdfffff] reserved\n\n[0.022] BIOS-e820: [mem 0x00000000f8000000-0x00000000fbffffff] reserved\n\n[0.022] BIOS-e820: [mem 0x00000000fec00000-0x00000000fec00fff] reserved\n\n[0.023] BIOS-e820: [mem 0x00000000fed00000-0x00000000fed03fff] reserved\n\n[0.026] BIOS-e820: [mem 0x00000000fed1c000-0x00000000fed1ffff] reserved\n\n[0.026] BIOS-e820: [mem 0x00000000fee00000-0x00000000fee00fff] reserved\n\n[0.026] BIOS-e820: [mem 0x00000000ff000000-0x00000000ffffffff] reserved\n\n[0.026] BIOS-e820: [mem 0x0000000100000000-0x000000042f1fffff] usable\n\n[0.029] NX (Execute Disable) protection: active\n\n[0.029] efi: EFI v2.31 by American Megatrends\n\n[0.029] efi: ACPI=0xca852000 ACPI 2.0=0xca852000 SMBIOS=0xca100398 \n\n[0.029] efi: mem00: [Conventional Memory| | | | | |WB|WT|WC|UC] range=[0x0000000000000000-0x000000000005f000) (0MB)\n\n[0.031] efi: mem01: [Boot Data | | | | | |WB|WT|WC|UC] range=[0x000000000005f000-0x0000000000060000) (0MB)\n\n[0.031] efi: mem02: [Conventional Memory| | | | | |WB|WT|WC|UC] range=[0x0000000000060000-0x000000000009e000) (0MB)\n\n[0.035] efi: mem03: [Reserved | | | | | |WB|WT|WC|UC] range=[0x000000000009e000-0x00000000000a0000) (0MB)\n\n[0.035] efi: mem04: [Conventional Memory| | | | | |WB|WT|WC|UC] range=[0x0000000000100000-0x0000000001000000) (15MB)\n\n[0.038] efi: mem05: [Loader Data | | | | | |WB|WT|WC|UC] range=[0x0000000001000000-0x00000000024e6000) (20MB)\n\n[0.038] efi: mem06: [Conventional Memory| | | | | |WB|WT|WC|UC] range=[0x00000000024e6000-0x0000000020000000) (475MB)\n\n[0.038] efi: mem07: [Reserved | | | | | |WB|WT|WC|UC] range=[0x0000000020000000-0x0000000020200000) (2MB)\n\n[0.038] efi: mem08: [Conventional Memory| | | | | |WB|WT|WC|UC] range=[0x0000000020200000-0x00000000357f2000) (341MB)\n\n[0.042] efi: mem09: [Loader Data | | | | | |WB|WT|WC|UC] range=[0x00000000357f2000-0x0000000036bf1000) (19MB)\n\n[0.042] efi: mem10: [Conventional Memory| | | | | |WB|WT|WC|UC] range=[0x0000000036bf1000-0x0000000040004000) (148MB)\n\n[0.045] efi: mem11: [Reserved | | | | | |WB|WT|WC|UC] range=[0x0000000040004000-0x0000000040005000) (0MB)\n\n[0.045] efi: mem46: [Runtime Code |RUN| | | | |WB|WT|WC|UC] range=[0x00000000c9fb4000-0x00000000c9fb5000) (0MB)\n\n[0.045] efi: mem47: [Boot Code | | | | | |WB|WT|WC|UC] range=[0x00000000c9fb5000-0x00000000c9fc0000) (0MB)\n\n[0.045] efi: mem48: [Runtime Code |RUN| | | | |WB|WT|WC|UC] range=[0x00000000c9fc0000-0x00000000c9fc5000) (0MB)\n\n[0.048] efi: mem49: [Boot Code | | | | | |WB|WT|WC|UC] range=[0x00000000c9fc5000-0x00000000c9ff1000) (0MB)\n\n[0.048] efi: mem50: [Runtime Code |RUN| | | | |WB|WT|WC|UC] range=[0x00000000c9ff1000-0x00000000c9ff2000) (0MB)\n\n[0.048] efi: mem78: [Runtime Data |RUN| | | | |WB|WT|WC|UC] range=[0x00000000cacd8000-0x00000000caff4000) (3MB)\n\n[0.048] efi: mem79: [Boot Data | | | | | |WB|WT|WC|UC] range=[0x00000000caff4000-0x00000000cb000000) (0MB)\n\n[0.05] efi: mem80: [Conventional Memory| | | | | |WB|WT|WC|UC] range=[0x0000000100000000-0x000000042f200000) (13042MB)\n\n[0.05] efi: mem81: [Reserved |RUN| | | | | | | | ] range=[0x00000000cbc00000-0x00000000cfe00000) (66MB)\n\n[0.052] efi: mem82: [Memory Mapped I/O |RUN| | | | | | | |UC] range=[0x00000000f8000000-0x00000000fc000000) (64MB)\n\n[0.052] efi: mem83: [Memory Mapped I/O |RUN| | | | | | | |UC] range=[0x00000000fec00000-0x00000000fec01000) (0MB)\n\n[0.055] efi: mem84: [Memory Mapped I/O |RUN| | | | | | | |UC] range=[0x00000000fed00000-0x00000000fed04000) (0MB)\n\n[0.055] efi: mem85: [Memory Mapped I/O |RUN| | | | | | | |UC] range=[0x00000000fed1c000-0x00000000fed20000) (0MB)\n\n[0.055] efi: mem86: [Memory Mapped I/O |RUN| | | | | | | |UC] range=[0x00000000fee00000-0x00000000fee01000) (0MB)\n\n[0.055] efi: mem87: [Memory Mapped I/O |RUN| | | | | | | |UC] range=[0x00000000ff000000-0x0000000100000000) (16MB)\n\n[0.056] SMBIOS 2.7 present.\n\n[0.06] DMI: ASUSTeK COMPUTER INC. N56VZ/N56VZ, BIOS N56VZ.217 05/22/2013\n\n[0.06] e820: update [mem 0x00000000-0x00000fff] usable ==> reserved\n\n[0.061] e820: remove [mem 0x000a0000-0x000fffff] usable\n\n[0.064] AGP: No AGP bridge found\n\n[0.064] e820: last_pfn = 0x42f200 max_arch_pfn = 0x400000000\n\n[0.064] MTRR default type: uncachable\n\n[0.064] MTRR fixed ranges enabled:\n\n[0.068] 00000-9FFFF write-back\n\n[0.068] A0000-DFFFF uncachable\n\n[0.071] E0000-FFFFF write-protect\n\n[0.071] MTRR variable ranges enabled:\n\n[0.071] 0 base 000000000 mask C00000000 write-back\n\n[0.071] 1 base 400000000 mask FE0000000 write-back\n\n[0.073] 2 base 420000000 mask FF0000000 write-back\n\n[0.073] 3 base 0E0000000 mask FE0000000 uncachable\n\n[0.075] 4 base 0D0000000 mask FF0000000 uncachable\n\n[0.075] 5 base 0CC000000 mask FFC000000 uncachable\n\n[0.077] 6 base 0CBC00000 mask FFFC00000 uncachable\n\n[0.077] 7 base 42F800000 mask FFF800000 uncachable\n\n[0.08] 8 base 42F400000 mask FFFC00000 uncachable\n\n[0.08] 9 base 42F200000 mask FFFE00000 uncachable\n\n[0.08] PAT configuration [0-7]: WB WC UC- UC WB WC UC- UC \n\n[0.08] original variable MTRRs\n\n[0.084] reg 0, base: 0GB, range: 16GB, type WB\n\n[0.084] reg 1, base: 16GB, range: 512MB, type WB\n\n[0.085] reg 2, base: 16896MB, range: 256MB, type WB\n\n[0.087] reg 3, base: 3584MB, range: 512MB, type UC\n\n[0.087] reg 4, base: 3328MB, range: 256MB, type UC\n\n[0.089] reg 5, base: 3264MB, range: 64MB, type UC\n\n[0.089] reg 6, base: 3260MB, range: 4MB, type UC\n\n[0.093] reg 7, base: 17144MB, range: 8MB, type UC\n\n[0.093] reg 8, base: 17140MB, range: 4MB, type UC\n\n[0.097] reg 9, base: 17138MB, range: 2MB, type UC\n\n[0.097] total RAM covered: 16302M\n\n[0.101] gran_size: 64K \tchunk_size: 64K \tnum_reg: 10 \tlose cover RAM: 242M\n\n[0.101] gran_size: 64K \tchunk_size: 128K \tnum_reg: 10 \tlose cover RAM: 242M\n\n[0.103] gran_size: 64K \tchunk_size: 256K \tnum_reg: 10 \tlose cover RAM: 242M\n\n[0.103] gran_size: 64K \tchunk_size: 512K \tnum_reg: 10 \tlose cover RAM: 242M\n\n[0.106] gran_size: 64K \tchunk_size: 1M \tnum_reg: 10 \tlose cover RAM: 242M\n\n[0.106] gran_size: 64K \tchunk_size: 2M \tnum_reg: 10 \tlose cover RAM: 242M\n\n[0.106] *BAD*gran_size: 128K \tchunk_size: 16M \tnum_reg: 10 \tlose cover RAM: -12M\n\n[0.106] *BAD*gran_size: 128K \tchunk_size: 32M \tnum_reg: 10 \tlose cover RAM: -12M\n\n[0.107] *BAD*gran_size: 128K \tchunk_size: 64M \tnum_reg: 10 \tlose cover RAM: -12M\n\n[0.108] *BAD*gran_size: 128K \tchunk_size: 128M \tnum_reg: 10 \tlose cover RAM: -12M\n\n[0.111] *BAD*gran_size: 128K \tchunk_size: 256M \tnum_reg: 10 \tlose cover RAM: -12M\n\n[0.111] *BAD*gran_size: 128K \tchunk_size: 512M \tnum_reg: 10 \tlose cover RAM: -268M\n\n[0.111] *BAD*gran_size: 128K \tchunk_size: 1G \tnum_reg: 10 \tlose cover RAM: -264M\n\n[0.111] *BAD*gran_size: 128K \tchunk_size: 2G \tnum_reg: 10 \tlose cover RAM: -1288M\n\n[0.113] gran_size: 256K \tchunk_size: 256K \tnum_reg: 10 \tlose cover RAM: 242M\n\n[0.113] gran_size: 256K \tchunk_size: 512K \tnum_reg: 10 \tlose cover RAM: 242M\n\n[0.114] gran_size: 256K \tchunk_size: 1M \tnum_reg: 10 \tlose cover RAM: 242M\n\n[0.115] gran_size: 256K \tchunk_size: 2M \tnum_reg: 10 \tlose cover RAM: 242M\n\n[0.117] gran_size: 256K \tchunk_size: 4M \tnum_reg: 10 \tlose cover RAM: 242M\n\n[0.117] gran_size: 256K \tchunk_size: 8M \tnum_reg: 10 \tlose cover RAM: 50M\n\n[0.12] *BAD*gran_size: 256K \tchunk_size: 16M \tnum_reg: 10 \tlose cover RAM: -12M\n\n[0.12] *BAD*gran_size: 256K \tchunk_size: 32M \tnum_reg: 10 \tlose cover RAM: -12M\n\n[0.12] *BAD*gran_size: 256K \tchunk_size: 64M \tnum_reg: 10 \tlose cover RAM: -12M\n\n[0.12] *BAD*gran_size: 256K \tchunk_size: 128M \tnum_reg: 10 \tlose cover RAM: -12M\n\n[0.124] *BAD*gran_size: 256K \tchunk_size: 256M \tnum_reg: 10 \tlose cover RAM: -12M\n\n[0.124] *BAD*gran_size: 256K \tchunk_size: 512M \tnum_reg: 10 \tlose cover RAM: -268M\n\n[0.127] *BAD*gran_size: 256K \tchunk_size: 1G \tnum_reg: 10 \tlose cover RAM: -264M\n\n[0.127] *BAD*gran_size: 256K \tchunk_size: 2G \tnum_reg: 10 \tlose cover RAM: -1288M\n\n[0.127] gran_size: 512K \tchunk_size: 512K \tnum_reg: 10 \tlose cover RAM: 242M\n\n[0.127] gran_size: 512K \tchunk_size: 1M \tnum_reg: 10 \tlose cover RAM: 242M\n\n[0.128] gran_size: 512K \tchunk_size: 2M \tnum_reg: 10 \tlose cover RAM: 242M\n\n[0.13] *BAD*gran_size: 1M \tchunk_size: 256M \tnum_reg: 10 \tlose cover RAM: -12M\n\n[0.13] *BAD*gran_size: 1M \tchunk_size: 512M \tnum_reg: 10 \tlose cover RAM: -268M\n\n[0.131] *BAD*gran_size: 1M \tchunk_size: 1G \tnum_reg: 10 \tlose cover RAM: -264M\n\n[0.132] *BAD*gran_size: 1M \tchunk_size: 2G \tnum_reg: 10 \tlose cover RAM: -1288M\n\n[0.135] gran_size: 2M \tchunk_size: 2M \tnum_reg: 10 \tlose cover RAM: 242M\n\n[0.135] gran_size: 2M \tchunk_size: 4M \tnum_reg: 10 \tlose cover RAM: 242M\n\n[0.135] gran_size: 2M \tchunk_size: 8M \tnum_reg: 10 \tlose cover RAM: 50M\n\n[0.135] *BAD*gran_size: 2M \tchunk_size: 16M \tnum_reg: 10 \tlose cover RAM: -12M\n\n[0.137] *BAD*gran_size: 2M \tchunk_size: 32M \tnum_reg: 10 \tlose cover RAM: -12M\n\n[0.137] *BAD*gran_size: 2M \tchunk_size: 64M \tnum_reg: 10 \tlose cover RAM: -12M\n\n[0.14] *BAD*gran_size: 2M \tchunk_size: 128M \tnum_reg: 10 \tlose cover RAM: -12M\n\n[0.14] *BAD*gran_size: 2M \tchunk_size: 256M \tnum_reg: 10 \tlose cover RAM: -12M\n\n[0.14] *BAD*gran_size: 2M \tchunk_size: 512M \tnum_reg: 10 \tlose cover RAM: -268M\n\n[0.14] *BAD*gran_size: 2M \tchunk_size: 1G \tnum_reg: 10 \tlose cover RAM: -264M\n\n[0.143] *BAD*gran_size: 2M \tchunk_size: 2G \tnum_reg: 10 \tlose cover RAM: -1288M\n\n[0.143] gran_size: 4M \tchunk_size: 4M \tnum_reg: 10 \tlose cover RAM: 242M\n\n[0.143] gran_size: 4M \tchunk_size: 8M \tnum_reg: 10 \tlose cover RAM: 50M\n\n[0.143] gran_size: 4M \tchunk_size: 16M \tnum_reg: 10 \tlose cover RAM: 50M\n\n[0.147] gran_size: 4M \tchunk_size: 32M \tnum_reg: 10 \tlose cover RAM: 2M\n\n[0.147] gran_size: 16M \tchunk_size: 256M \tnum_reg: 10 \tlose cover RAM: 14M\n\n[0.148] *BAD*gran_size: 16M \tchunk_size: 512M \tnum_reg: 10 \tlose cover RAM: -242M\n\n[0.15] gran_size: 16M \tchunk_size: 1G \tnum_reg: 10 \tlose cover RAM: 14M\n\n[0.15] *BAD*gran_size: 16M \tchunk_size: 2G \tnum_reg: 10 \tlose cover RAM: -1010M\n\n[0.153] gran_size: 32M \tchunk_size: 32M \tnum_reg: 10 \tlose cover RAM: 46M\n\n[0.153] gran_size: 32M \tchunk_size: 64M \tnum_reg: 10 \tlose cover RAM: 46M\n\n[0.153] gran_size: 32M \tchunk_size: 128M \tnum_reg: 10 \tlose cover RAM: 46M\n\n[0.153] gran_size: 32M \tchunk_size: 256M \tnum_reg: 10 \tlose cover RAM: 46M\n\n[0.156] *BAD*gran_size: 32M \tchunk_size: 512M \tnum_reg: 10 \tlose cover RAM: -210M\n\n[0.156] gran_size: 1G \tchunk_size: 2G \tnum_reg: 4 \tlose cover RAM: 942M\n\n[0.156] gran_size: 2G \tchunk_size: 2G \tnum_reg: 3 \tlose cover RAM: 1966M\n\n[0.156] mtrr_cleanup: can not find optimal value\n\n[0.158] please specify mtrr_gran_size/mtrr_chunk_size\n\n[0.158] e820: update [mem 0xcbc00000-0xffffffff] usable ==> reserved\n\n[0.161] e820: last_pfn = 0xcb000 max_arch_pfn = 0x400000000\n\n[0.161] Scanning 1 areas for low memory corruption\n\n[0.161] Base memory trampoline at [ffff880000098000] 98000 size 24576\n\n[0.161] init_memory_mapping: [mem 0x00000000-0x000fffff]\n\n[0.162] [mem 0x00000000-0x000fffff] page 4k\n\n[0.164] BRK [0x01fe5000, 0x01fe5fff] PGTABLE\n\n[0.164] BRK [0x01fe6000, 0x01fe6fff] PGTABLE\n\n[0.165] BRK [0x01fe7000, 0x01fe7fff] PGTABLE\n\n[0.168] init_memory_mapping: [mem 0x42f000000-0x42f1fffff]\n\n[0.168] [mem 0x42f000000-0x42f1fffff] page 2M\n\n[0.168] BRK [0x01fe8000, 0x01fe8fff] PGTABLE\n\n[0.168] [mem 0xc9f7a000-0xc9f7cfff] page 4k\n\n[0.172] init_memory_mapping: [mem 0xca047000-0xca05dfff]\n\n[0.172] [mem 0xca047000-0xca05dfff] page 4k\n\n[0.173] init_memory_mapping: [mem 0xca887000-0xca887fff]\n\n[0.175] [mem 0xca887000-0xca887fff] page 4k\n\n[0.175] init_memory_mapping: [mem 0xca8cb000-0xcacd7fff]\n\n[0.179] [mem 0xca8cb000-0xca9fffff] page 4k\n\n[0.179] [mem 0xcaa00000-0xcabfffff] page 2M\n\n[0.18] [mem 0xcac00000-0xcacd7fff] page 4k\n\n[0.182] init_memory_mapping: [mem 0xcaff4000-0xcaffffff]\n\n[0.182] [mem 0xcaff4000-0xcaffffff] page 4k\n\n[0.184] init_memory_mapping: [mem 0x100000000-0x3ffffffff]\n\n[0.184] [mem 0x100000000-0x3ffffffff] page 2M\n\n[0.188] RAMDISK: [mem 0x357f2000-0x36bf0fff]\n\n[0.188] ACPI: Early table checksum verification disabled\n\n[0.189] ACPI: Local APIC address 0xfee00000\n\n[0.19] No NUMA configuration found\n\n[0.193] Faking a node at [mem 0x0000000000000000-0x000000042f1fffff]\n\n[0.193] NODE_DATA(0) allocated [mem 0x42f1e6000-0x42f1eafff]\n\n[0.193] [ffffea0000000000-ffffea0010bfffff] PMD -> [ffff88041e800000-ffff88042e7fffff] on node 0\n\n[0.193] Zone ranges:\n\n[0.195] DMA [mem 0x00001000-0x00ffffff]\n\n[0.195] DMA32 [mem 0x01000000-0xffffffff]\n\n[0.198] Normal [mem 0x100000000-0x42f1fffff]\n\n[0.198] Movable zone start for each node\n\n[0.198] Early memory node ranges\n\n[0.198] node 0: [mem 0x00001000-0x0009dfff]\n\n[0.199] node 0: [mem 0x00100000-0x1fffffff]\n\n[0.203] node 0: [mem 0x20200000-0x40003fff]\n\n[0.203] node 0: [mem 0x40005000-0xc9746fff]\n\n[0.204] node 0: [mem 0xc9d4b000-0xc9d60fff]\n\n[0.207] node 0: [mem 0xca041000-0xca041fff]\n\n[0.207] node 0: [mem 0xca047000-0xca05dfff]\n\n[0.207] node 0: [mem 0xca887000-0xca887fff]\n\n[0.207] node 0: [mem 0xca8cb000-0xcacd7fff]\n\n[0.209] node 0: [mem 0xcaff4000-0xcaffffff]\n\n[0.209] node 0: [mem 0x100000000-0x42f1fffff]\n\n[0.21] Initmem setup node 0 [mem 0x00001000-0x42f1fffff]\n\n[0.212] On node 0 totalpages: 4165015\n\n[0.212] DMA zone: 64 pages used for memmap\n\n[0.216] DMA zone: 24 pages reserved\n\n[0.216] DMA zone: 3997 pages, LIFO batch:0\n\n[0.217] DMA32 zone: 12848 pages used for memmap\n\n[0.221] DMA32 zone: 822266 pages, LIFO batch:31\n\n[0.221] Normal zone: 52168 pages used for memmap\n\n[0.223] Normal zone: 3338752 pages, LIFO batch:31\n\n[0.223] Reserving Intel graphics stolen memory at 0xcbe00000-0xcfdfffff\n\n[0.225] ACPI: PM-Timer IO Port: 0x408\n\n[0.225] ACPI: Local APIC address 0xfee00000\n\n[0.229] ACPI: LAPIC (acpi_id[0x01] lapic_id[0x00] enabled)\n\n[0.229] ACPI: LAPIC (acpi_id[0x02] lapic_id[0x02] enabled)\n\n[0.23] ACPI: LAPIC (acpi_id[0x03] lapic_id[0x04] enabled)\n\n[0.232] ACPI: LAPIC (acpi_id[0x04] lapic_id[0x06] enabled)\n\n[0.232] ACPI: LAPIC (acpi_id[0x05] lapic_id[0x01] enabled)\n\n[0.235] ACPI: LAPIC (acpi_id[0x06] lapic_id[0x03] enabled)\n\n[0.235] ACPI: LAPIC (acpi_id[0x07] lapic_id[0x05] enabled)\n\n[0.235] ACPI: LAPIC (acpi_id[0x08] lapic_id[0x07] enabled)\n\n[0.235] ACPI: LAPIC_NMI (acpi_id[0xff] high edge lint[0x1])\n\n[0.239] ACPI: IOAPIC (id[0x02] address[0xfec00000] gsi_base[0])\n\n[0.239] IOAPIC[0]: apic_id 2, version 32, address 0xfec00000, GSI 0-23\n\n[0.242] ACPI: INT_SRC_OVR (bus 0 bus_irq 0 global_irq 2 dfl dfl)\n\n[0.242] ACPI: INT_SRC_OVR (bus 0 bus_irq 9 global_irq 9 high level)\n\n[0.242] ACPI: IRQ0 used by override.\n\n[0.242] ACPI: IRQ9 used by override.\n\n[0.243] Using ACPI (MADT) for SMP configuration information\n\n[0.246] ACPI: HPET id: 0x8086a701 base: 0xfed00000\n\n[0.246] smpboot: Allowing 8 CPUs, 0 hotplug CPUs\n\n[0.246] PM: Registered nosave memory: [mem 0x00000000-0x00000fff]\n\n[0.246] PM: Registered nosave memory: [mem 0x0009e000-0x0009ffff]\n\n[0.249] PM: Registered nosave memory: [mem 0x000a0000-0x000fffff]\n\n[0.249] PM: Registered nosave memory: [mem 0x20000000-0x201fffff]\n\n[0.249] PM: Registered nosave memory: [mem 0x40004000-0x40004fff]\n\n[0.249] PM: Registered nosave memory: [mem 0xc9747000-0xc9d47fff]\n\n[0.251] PM: Registered nosave memory: [mem 0xc9d48000-0xc9d4afff]\n\n[0.251] PM: Registered nosave memory: [mem 0xc9d61000-0xc9d66fff]\n\n[0.254] PM: Registered nosave memory: [mem 0xc9d69000-0xc9d72fff]\n\n[0.254] CPU: Physical Processor ID: 0\n\n[0.254] CPU: Processor Core ID: 0\n\n[0.254] ENERGY_PERF_BIAS: Set to \'normal\', was \'performance\'\n\n[0.258] ENERGY_PERF_BIAS: View and update with x86_energy_perf_policy(8)\n\n[0.258] mce: CPU supports 9 MCE banks\n\n[0.262] CPU0: Thermal monitoring enabled (TM1)\n\n[0.262] process: using mwait in idle threads\n\n[0.263] Last level iTLB entries: 4KB 512, 2MB 8, 4MB 8\n\n[0.266] Last level dTLB entries: 4KB 512, 2MB 32, 4MB 32, 1GB 0\n\n[0.266] Freeing SMP alternatives memory: 32K (ffffffff81e96000 - ffffffff81e9e000)\n\n[0.266] Ignoring BGRT: invalid status 0 (expected 1)\n\n[0.266] ftrace: allocating 30086 entries in 118 pages\n\n[0.268] ..TIMER: vector=0x30 apic1=0 pin1=2 apic2=-1 pin2=-1\n\n[0.268] smpboot: CPU0: Intel(R) Core(TM) i7-3630QM CPU @ 2.40GHz (fam: 06, model: 3a, stepping: 09)\n\n[0.271] TSC deadline timer enabled\n\n[0.271] Performance Events: PEBS fmt1+, 16-deep LBR, IvyBridge events, full-width counters, Intel PMU driver.\n\n[0.271] ... version: 3\n\n[0.271] ... bit width: 48\n\n[0.272] ... generic registers: 4\n\n[0.274] ... value mask: 0000ffffffffffff\n\n[0.274] ... max period: 0000ffffffffffff\n\n[0.277] ... fixed-purpose events: 3\n\n[0.277] ... event mask: 000000070000000f\n\n[0.277] x86: Booting SMP configuration:\n\n[0.277] .... node #0, CPUs: #1\n\n[0.278] CPU1 microcode updated early to revision 0x1b, date = 2017-05-29\n\n[0.279] NMI watchdog: enabled on all CPUs, permanently consumes one hw-PMU counter.\n\n[0.282] #2\n\n[0.282] CPU2 microcode updated early to revision 0x1b, date = 2017-05-29\n\n[0.282] #3\n\n[0.282] CPU3 microcode updated early to revision 0x1b, date = 2017-05-29\n\n[0.285] #4 #5 #6 #7\n\n[0.285] x86: Booted up 1 node, 8 CPUs\n\n[0.285] smpboot: Total of 8 processors activated (38312.68 BogoMIPS)\n\n[0.285] devtmpfs: initialized\n\n[0.287] evm: security.selinux\n\n[0.287] evm: security.SMACK64\n\n[0.289] evm: security.SMACK64EXEC\n\n[0.289] evm: security.SMACK64TRANSMUTE\n\n[0.29] evm: security.SMACK64MMAP\n\n[0.293] evm: security.ima\n\n[0.293] evm: security.capability\n\n[0.293] PM: Registering ACPI NVS region [mem 0xc9747000-0xc9d47fff] (6295552 bytes)\n\n[0.293] PM: Registering ACPI NVS region [mem 0xca602000-0xca881fff] (2621440 bytes)\n\n[0.294] PM: Registering ACPI NVS region [mem 0xca888000-0xca8cafff] (274432 bytes)\n\n[0.297] pinctrl core: initialized pinctrl subsystem\n\n[0.297] RTC time: 5:41:44, date: 07/10/15\n\n[0.297] NET: Registered protocol family 16\n\n[0.297] cpuidle: using governor ladder\n\n[0.299] cpuidle: using governor menu\n\n[0.299] ACPI FADT declares the system doesn\'t support PCIe ASPM, so disable it\n\n[0.3] ACPI: bus type PCI registered\n\n[0.304] acpiphp: ACPI Hot Plug PCI Controller Driver version: 0.5\n\n[0.304] PCI: MMCONFIG for domain 0000 [bus 00-3f] at [mem 0xf8000000-0xfbffffff] (base 0xf8000000)\n\n[0.305] PCI: MMCONFIG at [mem 0xf8000000-0xfbffffff] reserved in E820\n\n[0.308] PCI: Using configuration type 1 for base access\n\n[0.308] ACPI: Added _OSI(Module Device)\n\n[0.308] ACPI: Added _OSI(Processor Device)\n\n[0.308] ACPI: Added _OSI(3.0 _SCP Extensions)\n\n[0.311] ACPI: Added _OSI(Processor Aggregator Device)\n\n[0.311] ACPI : EC: EC description table is found, configuring boot EC\n\n[0.311] ACPI: Executed 1 blocks of module-level executable AML code\n\n[0.311] [Firmware Bug]: ACPI: BIOS _OSI(Linux) query ignored\n\n[0.312] ACPI: Dynamic OEM Table Load:\n\n[0.313] ACPI: SSDT 0xFFFF88041C049000 000853 (v01 PmRef Cpu0Cst 00003001 INTL 20051117)\n\n[0.315] ACPI: Dynamic OEM Table Load:\n\n[0.315] ACPI: SSDT 0xFFFF88041C7D4C00 000303 (v01 PmRef ApIst 00003000 INTL 20051117)\n\n[0.318] ACPI: Dynamic OEM Table Load:\n\n[0.318] ACPI: SSDT 0xFFFF88041C7DB200 000119 (v01 PmRef ApCst 00003000 INTL 20051117)\n\n[0.318] ACPI: Interpreter enabled\n\n[0.318] ACPI Exception: AE_NOT_FOUND, While evaluating Sleep State [_S1_] (20141107/hwxface-580)\n\n[0.319] ACPI Exception: AE_NOT_FOUND, While evaluating Sleep State [_S2_] (20141107/hwxface-580)\n\n[0.322] ACPI: (supports S0 S3 S4 S5)\n\n[0.322] ACPI: Using IOAPIC for interrupt routing\n\n[0.322] PCI: Using host bridge windows from ACPI; if necessary, use "pci=nocrs" and report a bug\n\n[0.322] ACPI: PCI Root Bridge [PCI0] (domain 0000 [bus 00-3e])\n\n[0.326] acpi PNP0A08:00: _OSC: OS supports [ExtendedConfig ASPM ClockPM Segments MSI]\n\n[0.326] acpi PNP0A08:00: _OSC: platform does not support [PCIeHotplug PME]\n\n[0.328] acpi PNP0A08:00: _OSC: OS now controls [AER PCIeCapability]\n\n[0.328] acpi PNP0A08:00: FADT indicates ASPM is unsupported, using BIOS configuration\n\n[0.33] PCI host bridge to bus 0000:00\n\n[0.33] pci_bus 0000:00: root bus resource [bus 00-3e]\n\n[0.331] pci_bus 0000:00: root bus resource [io 0x0000-0x0cf7]\n\n[0.332] pci_bus 0000:00: root bus resource [io 0x0d00-0xffff]\n\n[0.335] pci_bus 0000:00: root bus resource [mem 0x000a0000-0x000bffff]\n\n[0.335] pci_bus 0000:00: root bus resource [mem 0x000c0000-0x000c3fff]\n\n[0.335] pci_bus 0000:00: root bus resource [mem 0x000c4000-0x000c7fff]\n\n[0.335] pci_bus 0000:00: root bus resource [mem 0x000c8000-0x000cbfff]\n\n[0.337] pci_bus 0000:00: root bus resource [mem 0x000cc000-0x000cffff]\n\n[0.337] pci_bus 0000:00: root bus resource [mem 0x000d0000-0x000d3fff]\n\n[0.34] pci_bus 0000:00: root bus resource [mem 0x000d4000-0x000d7fff]\n\n[0.34] pci_bus 0000:00: root bus resource [mem 0x000d8000-0x000dbfff]\n\n[0.34] pci_bus 0000:00: root bus resource [mem 0x000dc000-0x000dffff]\n\n[0.34] pci_bus 0000:00: root bus resource [mem 0xcfe00000-0xfeafffff]\n\n[0.344] pci 0000:00:00.0: [8086:0154] type 00 class 0x060000\n\n[0.344] pci 0000:00:01.0: [8086:0151] type 01 class 0x060400\n\n[0.346] pci 0000:00:01.0: PME# supported from D0 D3hot D3cold\n\n[0.346] pci 0000:00:01.0: System wakeup disabled by ACPI\n\n[0.349] pci 0000:00:02.0: [8086:0166] type 00 class 0x030000\n\n[0.349] pci 0000:00:02.0: reg 0x10: [mem 0xf7400000-0xf77fffff 64bit]\n\n[0.349] pci 0000:00:02.0: reg 0x18: [mem 0xd0000000-0xdfffffff 64bit pref]\n\n[0.349] pci 0000:00:02.0: reg 0x20: [io 0xf000-0xf03f]\n\n[0.352] pci 0000:00:14.0: [8086:1e31] type 00 class 0x0c0330\n\n[0.352] pci 0000:00:14.0: reg 0x10: [mem 0xf7a00000-0xf7a0ffff 64bit]\n\n[0.352] pci 0000:00:14.0: PME# supported from D3hot D3cold\n\n[0.352] pci 0000:00:14.0: System wakeup disabled by ACPI\n\n[0.355] pci 0000:00:16.0: [8086:1e3a] type 00 class 0x078000\n\n[0.355] pci 0000:00:16.0: reg 0x10: [mem 0xf7a1a000-0xf7a1a00f 64bit]\n\n[0.355] pci 0000:00:16.0: PME# supported from D0 D3hot D3cold\n\n[0.355] pci 0000:00:1a.0: [8086:1e2d] type 00 class 0x0c0320\n\n[0.359] pci 0000:00:1a.0: reg 0x10: [mem 0xf7a18000-0xf7a183ff]\n\n[0.359] pci 0000:00:1a.0: PME# supported from D0 D3hot D3cold\n\n[0.362] pci 0000:00:1a.0: System wakeup disabled by ACPI\n\n[0.362] pci 0000:00:1b.0: [8086:1e20] type 00 class 0x040300\n\n[0.362] pci 0000:00:1b.0: reg 0x10: [mem 0xf7a10000-0xf7a13fff 64bit]\n\n[0.362] pci 0000:00:1b.0: PME# supported from D0 D3hot D3cold\n\n[0.363] pci 0000:00:1b.0: System wakeup disabled by ACPI\n\n[0.367] pci 0000:00:1c.0: [8086:1e10] type 01 class 0x060400\n\n[0.367] pci 0000:00:1c.0: PME# supported from D0 D3hot D3cold\n\n[0.368] pci 0000:00:1c.1: [8086:1e12] type 01 class 0x060400\n\n[0.372] pci 0000:00:1c.1: PME# supported from D0 D3hot D3cold\n\n[0.372] pci 0000:00:1c.3: [8086:1e16] type 01 class 0x060400\n\n[0.374] pci 0000:00:1c.3: PME# supported from D0 D3hot D3cold\n\n[0.374] pci 0000:00:1c.3: System wakeup disabled by ACPI\n\n[0.375] pci 0000:00:1d.0: [8086:1e26] type 00 class 0x0c0320\n\n[0.378] pci 0000:00:1d.0: reg 0x10: [mem 0xf7a17000-0xf7a173ff]\n\n[0.378] pci 0000:00:1d.0: PME# supported from D0 D3hot D3cold\n\n[0.378] pci 0000:00:1d.0: System wakeup disabled by ACPI\n\n[0.378] pci 0000:00:1f.0: [8086:1e59] type 00 class 0x060100\n\n[0.38] pci 0000:00:1f.2: [8086:1e03] type 00 class 0x010601\n\n[0.38] pci 0000:00:1f.2: reg 0x10: [io 0xf0b0-0xf0b7]\n\n[0.382] pci 0000:00:1f.2: reg 0x14: [io 0xf0a0-0xf0a3]\n\n[0.382] pci 0000:00:1f.2: reg 0x18: [io 0xf090-0xf097]\n\n[0.384] pci 0000:00:1f.2: reg 0x1c: [io 0xf080-0xf083]\n\n[0.384] pci 0000:00:1f.2: reg 0x20: [io 0xf060-0xf07f]\n\n[0.388] pci 0000:00:1f.2: reg 0x24: [mem 0xf7a16000-0xf7a167ff]\n\n[0.388] pci 0000:00:1f.2: PME# supported from D3hot\n\n[0.39] pci 0000:00:1f.3: [8086:1e22] type 00 class 0x0c0500\n\n[0.39] pci 0000:00:1f.3: reg 0x10: [mem 0xf7a15000-0xf7a150ff 64bit]\n\n[0.391] pci 0000:00:1f.3: reg 0x20: [io 0xf040-0xf05f]\n\n[0.395] pci 0000:01:00.0: [10de:0fd1] type 00 class 0x030000\n\n[0.395] pci 0000:01:00.0: reg 0x10: [mem 0xf6000000-0xf6ffffff]\n\n[0.396] pci 0000:01:00.0: reg 0x14: [mem 0xe0000000-0xefffffff 64bit pref]\n\n[0.4] pci 0000:01:00.0: reg 0x1c: [mem 0xf0000000-0xf1ffffff 64bit pref]\n\n[0.4] pci 0000:01:00.0: reg 0x24: [io 0xe000-0xe07f]\n\n[0.402] pci 0000:01:00.0: reg 0x30: [mem 0xf7000000-0xf707ffff pref]\n\n[0.402] pci 0000:00:01.0: PCI bridge to [bus 01]\n\n[0.404] pci 0000:00:01.0: bridge window [io 0xe000-0xefff]\n\n[0.404] pci 0000:00:01.0: bridge window [mem 0xf6000000-0xf70fffff]\n\n[0.408] pci 0000:00:01.0: bridge window [mem 0xe0000000-0xf1ffffff 64bit pref]\n\n[0.408] pci 0000:00:1c.0: PCI bridge to [bus 02]\n\n[0.41] pci 0000:03:00.0: [8086:0887] type 00 class 0x028000\n\n[0.41] pci 0000:03:00.0: reg 0x10: [mem 0xf7900000-0xf7901fff 64bit]\n\n[0.413] pci 0000:03:00.0: PME# supported from D0 D3hot D3cold\n\n[0.413] pci 0000:03:00.0: System wakeup disabled by ACPI\n\n[0.413] pci 0000:00:1c.1: PCI bridge to [bus 03]\n\n[0.413] pci 0000:00:1c.1: bridge window [mem 0xf7900000-0xf79fffff]\n\n[0.414] pci 0000:04:00.0: [1969:1091] type 00 class 0x020000\n\n[0.415] pci 0000:04:00.0: reg 0x10: [mem 0xf7800000-0xf783ffff 64bit]\n\n[0.416] pci 0000:04:00.0: reg 0x18: [io 0xd000-0xd07f]\n\n[0.42] pci 0000:04:00.0: PME# supported from D0 D1 D2 D3hot D3cold\n\n[0.42] pci 0000:04:00.0: System wakeup disabled by ACPI\n\n[0.423] pci 0000:00:1c.3: PCI bridge to [bus 04]\n\n[0.423] pci 0000:00:1c.3: bridge window [io 0xd000-0xdfff]\n\n[0.423] pci 0000:00:1c.3: bridge window [mem 0xf7800000-0xf78fffff]\n\n[0.423] ACPI: PCI Interrupt Link [LNKA] (IRQs 3 4 5 6 7 10 11 12) *0, disabled.\n\n[0.426] ACPI: PCI Interrupt Link [LNKB] (IRQs 3 4 5 6 7 10 12) *0, disabled.\n\n[0.426] ACPI: PCI Interrupt Link [LNKC] (IRQs 3 4 5 6 7 10 12) *0, disabled.\n\n[0.426] ACPI: PCI Interrupt Link [LNKD] (IRQs 3 4 5 6 7 10 12) *0, disabled.\n\n[0.426] ACPI: PCI Interrupt Link [LNKE] (IRQs 3 4 5 6 7 10 12) *0, disabled.\n\n[0.43] ACPI: PCI Interrupt Link [LNKF] (IRQs 3 4 5 6 7 10 12) *0, disabled.\n\n[0.43] ACPI: PCI Interrupt Link [LNKG] (IRQs 3 4 5 6 7 10 12) *0, disabled.\n\n[0.434] ACPI: PCI Interrupt Link [LNKH] (IRQs 3 4 5 6 7 10 12) *0, disabled.\n\n[0.434] ACPI: Enabled 4 GPEs in block 00 to 3F\n\n[0.437] ACPI : EC: GPE = 0x19, I/O: command/status = 0x66, data = 0x62\n\n[0.437] vgaarb: setting as boot device: PCI:0000:00:02.0\n\n[0.437] vgaarb: device added: PCI:0000:00:02.0,decodes=io+mem,owns=io+mem,locks=none\n\n[0.437] vgaarb: device added: PCI:0000:01:00.0,decodes=io+mem,owns=none,locks=none\n\n[0.44] vgaarb: loaded\n\n[0.44] vgaarb: bridge control possible 0000:01:00.0\n\n[0.44] vgaarb: no bridge control possible 0000:00:02.0\n\n[0.44] SCSI subsystem initialized\n\n[0.442] libata version 3.00 loaded.\n\n[0.442] ACPI: bus type USB registered\n\n[0.443] usbcore: registered new interface driver usbfs\n\n[0.444] usbcore: registered new interface driver hub\n\n[0.446] usbcore: registered new device driver usb\n\n[0.446] PCI: Using ACPI for IRQ routing\n\n[0.45] PCI: pci_cache_line_size set to 64 bytes\n\n[0.45] e820: reserve RAM buffer [mem 0x0009e000-0x0009ffff]\n\n[0.453] e820: reserve RAM buffer [mem 0x40004000-0x43ffffff]\n\n[0.453] e820: reserve RAM buffer [mem 0xc9747000-0xcbffffff]\n\n[0.453] e820: reserve RAM buffer [mem 0xc9d61000-0xcbffffff]\n\n[0.453] e820: reserve RAM buffer [mem 0xc9d69000-0xcbffffff]\n\n[0.457] e820: reserve RAM buffer [mem 0xc9f07000-0xcbffffff]\n\n[0.457] e820: reserve RAM buffer [mem 0xc9f54000-0xcbffffff]\n\n[0.459] e820: reserve RAM buffer [mem 0xc9f7d000-0xcbffffff]\n\n[0.459] e820: reserve RAM buffer [mem 0xc9f96000-0xcbffffff]\n\n[0.462] e820: reserve RAM buffer [mem 0xc9fa4000-0xcbffffff]\n\n[0.462] e820: reserve RAM buffer [mem 0xc9fb4000-0xcbffffff]\n\n[0.462] e820: reserve RAM buffer [mem 0xc9fc0000-0xcbffffff]\n\n[0.462] e820: reserve RAM buffer [mem 0xc9ff1000-0xcbffffff]\n\n[0.465] e820: reserve RAM buffer [mem 0xca002000-0xcbffffff]\n\n[0.465] e820: reserve RAM buffer [mem 0xca03d000-0xcbffffff]\n\n[0.465] e820: reserve RAM buffer [mem 0xca03f000-0xcbffffff]\n\n[0.465] e820: reserve RAM buffer [mem 0xca042000-0xcbffffff]\n\n[0.468] e820: reserve RAM buffer [mem 0xca05e000-0xcbffffff]\n\n[0.468] e820: reserve RAM buffer [mem 0xca888000-0xcbffffff]\n\n[0.468] e820: reserve RAM buffer [mem 0xcacd8000-0xcbffffff]\n\n[0.468] e820: reserve RAM buffer [mem 0xcb000000-0xcbffffff]\n\n[0.469] e820: reserve RAM buffer [mem 0x42f200000-0x42fffffff]\n\n[0.472] NetLabel: Initializing\n\n[0.472] NetLabel: domain hash size = 128\n\n[0.472] NetLabel: protocols = UNLABELED CIPSOv4\n\n[0.472] NetLabel: unlabeled traffic allowed by default\n\n[0.474] hpet0: at MMIO 0xfed00000, IRQs 2, 8, 0, 0, 0, 0, 0, 0\n\n[0.474] hpet0: 8 comparators, 64-bit 14.318180 MHz counter\n\n[0.477] Switched to clocksource hpet\n\n[0.477] AppArmor: AppArmor Filesystem Enabled\n\n[0.477] pnp: PnP ACPI init\n\n[0.477] system 00:00: [mem 0xfed40000-0xfed44fff] has been reserved\n\n[0.479] system 00:00: Plug and Play ACPI device, IDs PNP0c01 (active)\n\n[0.479] system 00:01: [io 0x0680-0x069f] has been reserved\n\n[0.483] system 00:01: [io 0x1000-0x100f] has been reserved\n\n[0.483] system 00:01: [io 0xffff] has been reserved\n\n[0.485] system 00:01: [io 0xffff] has been reserved\n\n[0.485] system 00:01: [io 0x0400-0x0453] could not be reserved\n\n[0.488] system 00:01: [io 0x0458-0x047f] has been reserved\n\n[0.488] system 00:01: [io 0x0500-0x057f] has been reserved\n\n[0.488] system 00:01: [io 0x164e-0x164f] has been reserved\n\n[0.488] system 00:01: Plug and Play ACPI device, IDs PNP0c02 (active)\n\n[0.489] pnp 00:02: Plug and Play ACPI device, IDs PNP0b00 (active)\n\n[0.491] system 00:03: [io 0x0454-0x0457] has been reserved\n\n[0.491] system 00:03: Plug and Play ACPI device, IDs INT3f0d PNP0c02 (active)\n\n[0.495] system 00:04: [io 0x04d0-0x04d1] has been reserved\n\n[0.495] system 00:04: Plug and Play ACPI device, IDs PNP0c02 (active)\n\n[0.496] pnp 00:05: Plug and Play ACPI device, IDs ETD0108 SYN0a00 SYN0002 PNP0f03 PNP0f13 PNP0f12 (active)\n\n[0.5] pnp 00:06: Plug and Play ACPI device, IDs ATK3001 PNP030b (active)\n\n[0.5] system 00:07: [mem 0xfed1c000-0xfed1ffff] has been reserved\n\n[0.504] system 00:07: [mem 0xfed10000-0xfed17fff] has been reserved\n\n[0.504] system 00:07: [mem 0xfed18000-0xfed18fff] has been reserved\n\n[0.508] system 00:07: [mem 0xfed19000-0xfed19fff] has been reserved\n\n[0.508] system 00:07: [mem 0xf8000000-0xfbffffff] has been reserved\n\n[0.512] system 00:07: [mem 0xfed20000-0xfed3ffff] has been reserved\n\n[0.512] system 00:07: [mem 0xfed90000-0xfed93fff] has been reserved\n\n[0.515] system 00:07: [mem 0xfed45000-0xfed8ffff] has been reserved\n\n[0.515] system 00:07: [mem 0xff000000-0xffffffff] has been reserved\n\n[0.515] system 00:07: [mem 0xfee00000-0xfeefffff] could not be reserved\n\n[0.515] system 00:07: [mem 0xcfe00000-0xcfe00fff] has been reserved\n\n[0.516] system 00:07: Plug and Play ACPI device, IDs PNP0c02 (active)\n\n[0.517] system 00:08: [mem 0xcfe00000-0xcfe00fff] has been reserved\n\n[0.521] system 00:08: Plug and Play ACPI device, IDs PNP0c02 (active)\n\n[0.521] system 00:09: [mem 0x20000000-0x201fffff] has been reserved\n\n[0.522] system 00:09: [mem 0x40004000-0x40004fff] has been reserved\n\n[0.526] system 00:09: Plug and Play ACPI device, IDs PNP0c01 (active)\n\n[0.526] pnp: PnP ACPI: found 10 devices\n\n[0.529] pci 0000:00:01.0: PCI bridge to [bus 01]\n\n[0.529] pci 0000:00:01.0: bridge window [io 0xe000-0xefff]\n\n[0.529] pci 0000:00:01.0: bridge window [mem 0xf6000000-0xf70fffff]\n\n[0.529] pci 0000:00:01.0: bridge window [mem 0xe0000000-0xf1ffffff 64bit pref]\n\n[0.531] pci 0000:00:1c.0: PCI bridge to [bus 02]\n\n[0.531] pci 0000:00:1c.1: PCI bridge to [bus 03]\n\n[0.534] pci 0000:00:1c.1: bridge window [mem 0xf7900000-0xf79fffff]\n\n[0.534] pci 0000:00:1c.3: PCI bridge to [bus 04]\n\n[0.534] pci 0000:00:1c.3: bridge window [io 0xd000-0xdfff]\n\n[0.534] pci 0000:00:1c.3: bridge window [mem 0xf7800000-0xf78fffff]\n\n[0.536] pci_bus 0000:00: resource 4 [io 0x0000-0x0cf7]\n\n[0.536] pci_bus 0000:00: resource 5 [io 0x0d00-0xffff]\n\n[0.54] pci_bus 0000:00: resource 6 [mem 0x000a0000-0x000bffff]\n\n[0.54] pci_bus 0000:00: resource 7 [mem 0x000c0000-0x000c3fff]\n\n[0.543] pci_bus 0000:00: resource 8 [mem 0x000c4000-0x000c7fff]\n\n[0.543] pci_bus 0000:00: resource 9 [mem 0x000c8000-0x000cbfff]\n\n[0.543] pci_bus 0000:00: resource 10 [mem 0x000cc000-0x000cffff]\n\n[0.543] pci_bus 0000:00: resource 11 [mem 0x000d0000-0x000d3fff]\n\n[0.546] pci_bus 0000:00: resource 12 [mem 0x000d4000-0x000d7fff]\n\n[0.546] pci_bus 0000:00: resource 13 [mem 0x000d8000-0x000dbfff]\n\n[0.546] pci_bus 0000:00: resource 14 [mem 0x000dc000-0x000dffff]\n\n[0.546] pci_bus 0000:00: resource 15 [mem 0xcfe00000-0xfeafffff]\n\n[0.548] pci_bus 0000:01: resource 0 [io 0xe000-0xefff]\n\n[0.548] pci_bus 0000:01: resource 1 [mem 0xf6000000-0xf70fffff]\n\n[0.552] pci_bus 0000:01: resource 2 [mem 0xe0000000-0xf1ffffff 64bit pref]\n\n[0.552] pci_bus 0000:03: resource 1 [mem 0xf7900000-0xf79fffff]\n\n[0.555] pci_bus 0000:04: resource 0 [io 0xd000-0xdfff]\n\n[0.555] pci_bus 0000:04: resource 1 [mem 0xf7800000-0xf78fffff]\n\n[0.555] NET: Registered protocol family 2\n\n[0.555] TCP established hash table entries: 131072 (order: 8, 1048576 bytes)\n\n[0.559] TCP bind hash table entries: 65536 (order: 8, 1048576 bytes)\n\n[0.559] TCP: Hash tables configured (established 131072 bind 65536)\n\n[0.56] TCP: reno registered\n\n[0.562] UDP hash table entries: 8192 (order: 6, 262144 bytes)\n\n[0.562] UDP-Lite hash table entries: 8192 (order: 6, 262144 bytes)\n\n[0.563] NET: Registered protocol family 1\n\n[0.567] pci 0000:00:02.0: Video device with shadowed ROM\n\n[0.567] pci 0000:04:00.0: set MSI_INTX_DISABLE_BUG flag\n\n[0.568] PCI: CLS 64 bytes, default 64\n\n[0.571] Trying to unpack rootfs image as initramfs...\n\n[0.571] Freeing initrd memory: 20476K (ffff8800357f2000 - ffff880036bf1000)\n\n[0.571] PCI-DMA: Using software bounce buffering for IO (SWIOTLB)\n\n[0.571] software IO TLB [mem 0xc406c000-0xc806c000] (64MB) mapped at [ffff8800c406c000-ffff8800c806bfff]\n\n[0.574] RAPL PMU detected, hw unit 2^-16 Joules, API unit is 2^-32 Joules, 3 fixed counters 163840 ms ovfl timer\n\n[0.574] microcode: CPU0 sig=0x306a9, pf=0x10, revision=0x1b\n\n[0.574] microcode: CPU1 sig=0x306a9, pf=0x10, revision=0x1b\n\n[0.574] microcode: CPU2 sig=0x306a9, pf=0x10, revision=0x1b\n\n[0.577] microcode: CPU3 sig=0x306a9, pf=0x10, revision=0x1b\n\n[0.577] microcode: CPU4 sig=0x306a9, pf=0x10, revision=0x1b\n\n[0.577] microcode: CPU5 sig=0x306a9, pf=0x10, revision=0x1b\n\n[0.577] microcode: CPU6 sig=0x306a9, pf=0x10, revision=0x1b\n\n[0.581] microcode: CPU7 sig=0x306a9, pf=0x10, revision=0x1b\n\n[0.581] microcode: Microcode Update Driver: v2.00 , Peter Oruba\n\n[0.582] Scanning for low memory corruption every 60 seconds\n\n[0.585] futex hash table entries: 2048 (order: 5, 131072 bytes)\n\n[0.585] Initialise system trusted keyring\n\n[0.585] audit: initializing netlink subsys (disabled)\n\n[0.585] audit: type=2000 audit(1436506904.680:1): initialized\n\n[0.588] HugeTLB registered 2 MB page size, pre-allocated 0 pages\n\n[0.588] zpool: loaded\n\n[0.588] zbud: loaded\n\n[0.588] VFS: Disk quotas dquot_6.5.2\n\n[0.59] VFS: Dquot-cache hash table entries: 512 (order 0, 4096 bytes)\n\n[0.59] fuse init (API version 7.23)\n\n[0.592] Key type big_key registered\n\n[0.592] Key type asymmetric registered\n\n[0.595] Asymmetric key parser \'x509\' registered\n\n[0.595] Block layer SCSI generic (bsg) driver version 0.4 loaded (major 252)\n\n[0.595] io scheduler noop registered\n\n[0.595] io scheduler deadline registered (default)\n\n[0.599] io scheduler cfq registered\n\n[0.599] pci_hotplug: PCI Hot Plug PCI Core version: 0.5\n\n[0.601] pciehp: PCI Express Hot Plug Controller Driver version: 0.4\n\n[0.601] iwlwifi 0000:03:00.0 wlan0: disabling HT/VHT due to WEP/TKIP use\n\n[0.603] iwlwifi 0000:03:00.0 wlan0: disabling HT as WMM/QoS is not supported by the AP\n\n[0.603] iwlwifi 0000:03:00.0 wlan0: disabling VHT as WMM/QoS is not supported by the AP\n\n[0.604] wlan0: associate with 00:90:cc:ea:f4:16 (try 1/3)\n\n[0.608] wlan0: RX AssocResp from 00:90:cc:ea:f4:16 (capab=0x431 status=0 aid=3)\n\n[0.608] wlan0: associated\n\n[0.612] vboxdrv: Found 8 processor cores.\n\n[0.612] vboxdrv: fAsync=0 offMin=0x165 offMax=0x24ab\n\n[0.615] vboxdrv: TSC mode is \'synchronous\', kernel timer mode is \'normal\'.\n\n[0.615] vboxdrv: Successfully loaded version 4.3.26_Ubuntu (interface 0x001a000a).\n\n[0.615] vboxpci: IOMMU not found (not registered)\n\n[0.615] Ebtables v2.0 registered\n\n[0.618] bridge: automatic filtering via arp/ip/ip6tables has been deprecated. Update your scripts to load br_netfilter if you need this.\n\n[0.618] device virbr0-nic entered promiscuous mode\n\n[0.618] nf_conntrack version 0.5.0 (16384 buckets, 65536 max)\n\n[0.618] virbr0: port 1(virbr0-nic) entered listening state\n\n[0.622] virbr0: port 1(virbr0-nic) entered listening state\n\n[0.622] virbr0: port 1(virbr0-nic) entered disabled state\n\nInitialising...g\x00\x00\x00\x00\x00\x00\xe0?)\x13\xda\x02os\xda\x04time\xda\x01t\xda\x07getpass\xda\x08pyfiglet\xda\x08coloramar\x03\x00\x00\x00r\x04\x00\x00\x00\xda\x13slowprint.slowprint\xda\x06system\xda\x05sleep\xda\rfiglet_format\xda\nprogrammer\xda\x05print\xda\x03RED\xda\x05input\xda\x05GREEN\xda\tfb_hacker\xda\tslowprint\xa9\x00\xf3\x00\x00\x00\x00\xda\x02dg\xfa\x08<module>r\x1d\x00\x00\x00\x01\x00\x00\x00s\x02\x01\x00\x00\xf0\x03\x01\x01\x01\xd8\x00\t\x80\t\x80\t\x80\t\xd8\x00\x10\xd0\x00\x10\xd0\x00\x10\xd0\x00\x10\xd8\x00\x0e\x80\x0e\x80\x0e\x80\x0e\xd8\x00\x0f\x80\x0f\x80\x0f\x80\x0f\xd8\x00\x0f\x80\x0f\x80\x0f\x80\x0f\xd8\x00\x1f\xd0\x00\x1f\xd0\x00\x1f\xd0\x00\x1f\xd0\x00\x1f\xd0\x00\x1f\xd0\x00\x1f\xd0\x00\x1f\xd8\x00!\xd0\x00!\xd0\x00!\xd0\x00!\xe0\x00\t\x80\x02\x84\t\x88\'\xd1\x00\x12\xd4\x00\x12\xd0\x00\x12\xd8\x00\x07\x80\x01\x84\x07\x88\x01\x81\n\x84\n\x80\n\xd8\r#\x88X\xd4\r#\xd0$5\xd1\r6\xd4\r6\x80\n\xd8\x00\x05\x80\x05\x80d\x84h\x90\x1a\xd1\x06\x1b\xd1\x00\x1c\xd4\x00\x1c\xd0\x00\x1c\xe0\x0c\x11\x88E\x90$\x94*\xd0\x1d:\xd1\x12:\xd1\x0c;\xd4\x0c;\x80\t\xd8\x00\x05\x80\x05\x80b\x81\t\x84\t\x80\t\xd8\x00\t\x80\t\x88$\x8c*\xf0\x00|\x12\x16\x13\xf1\x00|\x12\x0b\x13\xf0x%\x00\x14\x17\xf1y%|\x12\x01\x18\xf4\x00|\x12\x01\x18\xf0\x00|\x12\x01\x18\xf0\x00|\x12\x01\x18\xf0\x00|\x12\x01\x18r\x1b\x00\x00\x00'))
