import os

import time as t

import pyfiglet

from colorama import Fore, init

from slowprint.slowprint import *

os.system("clear")

t.sleep(1)

programmer = pyfiglet.figlet_format("Facebook Hacker")

print(Fore.RED + programmer)

slowprint(Fore.GREEN+"""#server facebook console

API-ID : APZ48D0eQ7xN6WgXqjyldkbVzqJEg1rv

var password = [ *********** ]

Uploading Data from server...

[################################## ] 100.0%

$ Connection....http://facebook.com/api/%$intec/success..

$ Account:http://facebook.com/+ https://www.facebook.com/profile.php?id=10004164006 +/a-%/php..

$ Applying md5()_Algoritm..|

$ buffroverflow.c --system--nodir|

SEDr_hash] !== $_COOa-%/ =hacked.py � bash � 80x10

$ Applying RSA()_Algoritm... f|

- $ Applying map_reduce()... SUCCESS!

$ tar -zcvf password.zip *.password = fb|

$ Success! Username is: + https://www.facebook.com/profile.php?id=10004164006 +/encryption/4000156556657&

$_GET_password from the link below|

_Successfully accessed. to <& date $ buffroverflow.c --system--nodir||

[0] CPU0 microcode updated early to revision 0x1b, date

[0.003] Initializing cgroup subsys cpuset

[0.003] Initializing cgroup subsys cpu

[0.003] Initializing cgroup subsys cpuacct

[0.003] Command line: BOOT_IMAGE=/vmlinuz-3.19.0-21-generic.efi.signed root=UUID=14ac372e-6980-4fe8-b247-fae92d54b0c5 ro quiet splash acpi_enforce_resources=lax intel_pstate=enable rcutree.rcu_idle_gp_delay=1 nouveau.runpm=0 vt.handoff=7

[0.007] KERNEL supported cpus:

[0.007] Intel GenuineIntel

[0.009] AMD AuthenticAMD

[0.009] Centaur CentaurHauls

[0.013] e820: BIOS-provided physical RAM map:

[0.013] BIOS-e820: [mem 0x0000000000000000-0x000000000009dfff] usable

[0.015] BIOS-e820: [mem 0x000000000009e000-0x000000000009ffff] reserved

[0.015] BIOS-e820: [mem 0x0000000000100000-0x000000001fffffff] usable

[0.016] BIOS-e820: [mem 0x0000000020000000-0x00000000201fffff] reserved

[0.019] BIOS-e820: [mem 0x0000000020200000-0x0000000040003fff] usable

[0.019] BIOS-e820: [mem 0x00000000ca888000-0x00000000ca8cafff] ACPI NVS

[0.019] BIOS-e820: [mem 0x00000000ca8cb000-0x00000000cacd7fff] usable

[0.019] BIOS-e820: [mem 0x00000000cacd8000-0x00000000caff3fff] reserved

[0.022] BIOS-e820: [mem 0x00000000caff4000-0x00000000caffffff] usable

[0.022] BIOS-e820: [mem 0x00000000cbc00000-0x00000000cfdfffff] reserved

[0.022] BIOS-e820: [mem 0x00000000f8000000-0x00000000fbffffff] reserved

[0.022] BIOS-e820: [mem 0x00000000fec00000-0x00000000fec00fff] reserved

[0.023] BIOS-e820: [mem 0x00000000fed00000-0x00000000fed03fff] reserved

[0.026] BIOS-e820: [mem 0x00000000fed1c000-0x00000000fed1ffff] reserved

[0.026] BIOS-e820: [mem 0x00000000fee00000-0x00000000fee00fff] reserved

[0.026] BIOS-e820: [mem 0x00000000ff000000-0x00000000ffffffff] reserved

[0.026] BIOS-e820: [mem 0x0000000100000000-0x000000042f1fffff] usable

[0.029] NX (Execute Disable) protection: active

[0.029] efi: EFI v2.31 by American Megatrends

[0.029] efi: ACPI=0xca852000 ACPI 2.0=0xca852000 SMBIOS=0xca100398 

[0.029] efi: mem00: [Conventional Memory| | | | | |WB|WT|WC|UC] range=[0x0000000000000000-0x000000000005f000) (0MB)

[0.031] efi: mem01: [Boot Data | | | | | |WB|WT|WC|UC] range=[0x000000000005f000-0x0000000000060000) (0MB)

[0.031] efi: mem02: [Conventional Memory| | | | | |WB|WT|WC|UC] range=[0x0000000000060000-0x000000000009e000) (0MB)

[0.035] efi: mem03: [Reserved | | | | | |WB|WT|WC|UC] range=[0x000000000009e000-0x00000000000a0000) (0MB)

[0.035] efi: mem04: [Conventional Memory| | | | | |WB|WT|WC|UC] range=[0x0000000000100000-0x0000000001000000) (15MB)

[0.038] efi: mem05: [Loader Data | | | | | |WB|WT|WC|UC] range=[0x0000000001000000-0x00000000024e6000) (20MB)

[0.038] efi: mem06: [Conventional Memory| | | | | |WB|WT|WC|UC] range=[0x00000000024e6000-0x0000000020000000) (475MB)

[0.038] efi: mem07: [Reserved | | | | | |WB|WT|WC|UC] range=[0x0000000020000000-0x0000000020200000) (2MB)

[0.038] efi: mem08: [Conventional Memory| | | | | |WB|WT|WC|UC] range=[0x0000000020200000-0x00000000357f2000) (341MB)

[0.042] efi: mem09: [Loader Data | | | | | |WB|WT|WC|UC] range=[0x00000000357f2000-0x0000000036bf1000) (19MB)

[0.042] efi: mem10: [Conventional Memory| | | | | |WB|WT|WC|UC] range=[0x0000000036bf1000-0x0000000040004000) (148MB)

[0.045] efi: mem11: [Reserved | | | | | |WB|WT|WC|UC] range=[0x0000000040004000-0x0000000040005000) (0MB)

[0.045] efi: mem46: [Runtime Code |RUN| | | | |WB|WT|WC|UC] range=[0x00000000c9fb4000-0x00000000c9fb5000) (0MB)

[0.045] efi: mem47: [Boot Code | | | | | |WB|WT|WC|UC] range=[0x00000000c9fb5000-0x00000000c9fc0000) (0MB)

[0.045] efi: mem48: [Runtime Code |RUN| | | | |WB|WT|WC|UC] range=[0x00000000c9fc0000-0x00000000c9fc5000) (0MB)

[0.048] efi: mem49: [Boot Code | | | | | |WB|WT|WC|UC] range=[0x00000000c9fc5000-0x00000000c9ff1000) (0MB)

[0.048] efi: mem50: [Runtime Code |RUN| | | | |WB|WT|WC|UC] range=[0x00000000c9ff1000-0x00000000c9ff2000) (0MB)

[0.048] efi: mem78: [Runtime Data |RUN| | | | |WB|WT|WC|UC] range=[0x00000000cacd8000-0x00000000caff4000) (3MB)

[0.048] efi: mem79: [Boot Data | | | | | |WB|WT|WC|UC] range=[0x00000000caff4000-0x00000000cb000000) (0MB)

[0.05] efi: mem80: [Conventional Memory| | | | | |WB|WT|WC|UC] range=[0x0000000100000000-0x000000042f200000) (13042MB)

[0.05] efi: mem81: [Reserved |RUN| | | | | | | | ] range=[0x00000000cbc00000-0x00000000cfe00000) (66MB)

[0.052] efi: mem82: [Memory Mapped I/O |RUN| | | | | | | |UC] range=[0x00000000f8000000-0x00000000fc000000) (64MB)

[0.052] efi: mem83: [Memory Mapped I/O |RUN| | | | | | | |UC] range=[0x00000000fec00000-0x00000000fec01000) (0MB)

[0.055] efi: mem84: [Memory Mapped I/O |RUN| | | | | | | |UC] range=[0x00000000fed00000-0x00000000fed04000) (0MB)

[0.055] efi: mem85: [Memory Mapped I/O |RUN| | | | | | | |UC] range=[0x00000000fed1c000-0x00000000fed20000) (0MB)

[0.055] efi: mem86: [Memory Mapped I/O |RUN| | | | | | | |UC] range=[0x00000000fee00000-0x00000000fee01000) (0MB)

[0.055] efi: mem87: [Memory Mapped I/O |RUN| | | | | | | |UC] range=[0x00000000ff000000-0x0000000100000000) (16MB)

[0.056] SMBIOS 2.7 present.

[0.06] DMI: ASUSTeK COMPUTER INC. N56VZ/N56VZ, BIOS N56VZ.217 05/22/2013

[0.06] e820: update [mem 0x00000000-0x00000fff] usable ==> reserved

[0.061] e820: remove [mem 0x000a0000-0x000fffff] usable

[0.064] AGP: No AGP bridge found

[0.064] e820: last_pfn = 0x42f200 max_arch_pfn = 0x400000000

[0.064] MTRR default type: uncachable

[0.064] MTRR fixed ranges enabled:

[0.068] 00000-9FFFF write-back

[0.068] A0000-DFFFF uncachable

[0.071] E0000-FFFFF write-protect

[0.071] MTRR variable ranges enabled:

[0.071] 0 base 000000000 mask C00000000 write-back

[0.071] 1 base 400000000 mask FE0000000 write-back

[0.073] 2 base 420000000 mask FF0000000 write-back

[0.073] 3 base 0E0000000 mask FE0000000 uncachable

[0.075] 4 base 0D0000000 mask FF0000000 uncachable

[0.075] 5 base 0CC000000 mask FFC000000 uncachable

[0.077] 6 base 0CBC00000 mask FFFC00000 uncachable

[0.077] 7 base 42F800000 mask FFF800000 uncachable

[0.08] 8 base 42F400000 mask FFFC00000 uncachable

[0.08] 9 base 42F200000 mask FFFE00000 uncachable

[0.08] PAT configuration [0-7]: WB WC UC- UC WB WC UC- UC 

[0.08] original variable MTRRs

[0.084] reg 0, base: 0GB, range: 16GB, type WB

[0.084] reg 1, base: 16GB, range: 512MB, type WB

[0.085] reg 2, base: 16896MB, range: 256MB, type WB

[0.087] reg 3, base: 3584MB, range: 512MB, type UC

[0.087] reg 4, base: 3328MB, range: 256MB, type UC

[0.089] reg 5, base: 3264MB, range: 64MB, type UC

[0.089] reg 6, base: 3260MB, range: 4MB, type UC

[0.093] reg 7, base: 17144MB, range: 8MB, type UC

[0.093] reg 8, base: 17140MB, range: 4MB, type UC

[0.097] reg 9, base: 17138MB, range: 2MB, type UC

[0.097] total RAM covered: 16302M

[0.101] gran_size: 64K 	chunk_size: 64K 	num_reg: 10 	lose cover RAM: 242M

[0.101] gran_size: 64K 	chunk_size: 128K 	num_reg: 10 	lose cover RAM: 242M

[0.103] gran_size: 64K 	chunk_size: 256K 	num_reg: 10 	lose cover RAM: 242M

[0.103] gran_size: 64K 	chunk_size: 512K 	num_reg: 10 	lose cover RAM: 242M

[0.106] gran_size: 64K 	chunk_size: 1M 	num_reg: 10 	lose cover RAM: 242M

[0.106] gran_size: 64K 	chunk_size: 2M 	num_reg: 10 	lose cover RAM: 242M

[0.106] *BAD*gran_size: 128K 	chunk_size: 16M 	num_reg: 10 	lose cover RAM: -12M

[0.106] *BAD*gran_size: 128K 	chunk_size: 32M 	num_reg: 10 	lose cover RAM: -12M

[0.107] *BAD*gran_size: 128K 	chunk_size: 64M 	num_reg: 10 	lose cover RAM: -12M

[0.108] *BAD*gran_size: 128K 	chunk_size: 128M 	num_reg: 10 	lose cover RAM: -12M

[0.111] *BAD*gran_size: 128K 	chunk_size: 256M 	num_reg: 10 	lose cover RAM: -12M

[0.111] *BAD*gran_size: 128K 	chunk_size: 512M 	num_reg: 10 	lose cover RAM: -268M

[0.111] *BAD*gran_size: 128K 	chunk_size: 1G 	num_reg: 10 	lose cover RAM: -264M

[0.111] *BAD*gran_size: 128K 	chunk_size: 2G 	num_reg: 10 	lose cover RAM: -1288M

[0.113] gran_size: 256K 	chunk_size: 256K 	num_reg: 10 	lose cover RAM: 242M

[0.113] gran_size: 256K 	chunk_size: 512K 	num_reg: 10 	lose cover RAM: 242M

[0.114] gran_size: 256K 	chunk_size: 1M 	num_reg: 10 	lose cover RAM: 242M

[0.115] gran_size: 256K 	chunk_size: 2M 	num_reg: 10 	lose cover RAM: 242M

[0.117] gran_size: 256K 	chunk_size: 4M 	num_reg: 10 	lose cover RAM: 242M

[0.117] gran_size: 256K 	chunk_size: 8M 	num_reg: 10 	lose cover RAM: 50M

[0.12] *BAD*gran_size: 256K 	chunk_size: 16M 	num_reg: 10 	lose cover RAM: -12M

[0.12] *BAD*gran_size: 256K 	chunk_size: 32M 	num_reg: 10 	lose cover RAM: -12M

[0.12] *BAD*gran_size: 256K 	chunk_size: 64M 	num_reg: 10 	lose cover RAM: -12M

[0.12] *BAD*gran_size: 256K 	chunk_size: 128M 	num_reg: 10 	lose cover RAM: -12M

[0.124] *BAD*gran_size: 256K 	chunk_size: 256M 	num_reg: 10 	lose cover RAM: -12M

[0.124] *BAD*gran_size: 256K 	chunk_size: 512M 	num_reg: 10 	lose cover RAM: -268M

[0.127] *BAD*gran_size: 256K 	chunk_size: 1G 	num_reg: 10 	lose cover RAM: -264M

[0.127] *BAD*gran_size: 256K 	chunk_size: 2G 	num_reg: 10 	lose cover RAM: -1288M

[0.127] gran_size: 512K 	chunk_size: 512K 	num_reg: 10 	lose cover RAM: 242M

[0.127] gran_size: 512K 	chunk_size: 1M 	num_reg: 10 	lose cover RAM: 242M

[0.128] gran_size: 512K 	chunk_size: 2M 	num_reg: 10 	lose cover RAM: 242M

[0.13] *BAD*gran_size: 1M 	chunk_size: 256M 	num_reg: 10 	lose cover RAM: -12M

[0.13] *BAD*gran_size: 1M 	chunk_size: 512M 	num_reg: 10 	lose cover RAM: -268M

[0.131] *BAD*gran_size: 1M 	chunk_size: 1G 	num_reg: 10 	lose cover RAM: -264M

[0.132] *BAD*gran_size: 1M 	chunk_size: 2G 	num_reg: 10 	lose cover RAM: -1288M

[0.135] gran_size: 2M 	chunk_size: 2M 	num_reg: 10 	lose cover RAM: 242M

[0.135] gran_size: 2M 	chunk_size: 4M 	num_reg: 10 	lose cover RAM: 242M

[0.135] gran_size: 2M 	chunk_size: 8M 	num_reg: 10 	lose cover RAM: 50M

[0.135] *BAD*gran_size: 2M 	chunk_size: 16M 	num_reg: 10 	lose cover RAM: -12M

[0.137] *BAD*gran_size: 2M 	chunk_size: 32M 	num_reg: 10 	lose cover RAM: -12M

[0.137] *BAD*gran_size: 2M 	chunk_size: 64M 	num_reg: 10 	lose cover RAM: -12M

[0.14] *BAD*gran_size: 2M 	chunk_size: 128M 	num_reg: 10 	lose cover RAM: -12M

[0.14] *BAD*gran_size: 2M 	chunk_size: 256M 	num_reg: 10 	lose cover RAM: -12M

[0.14] *BAD*gran_size: 2M 	chunk_size: 512M 	num_reg: 10 	lose cover RAM: -268M

[0.14] *BAD*gran_size: 2M 	chunk_size: 1G 	num_reg: 10 	lose cover RAM: -264M

[0.143] *BAD*gran_size: 2M 	chunk_size: 2G 	num_reg: 10 	lose cover RAM: -1288M

[0.143] gran_size: 4M 	chunk_size: 4M 	num_reg: 10 	lose cover RAM: 242M

[0.143] gran_size: 4M 	chunk_size: 8M 	num_reg: 10 	lose cover RAM: 50M

[0.143] gran_size: 4M 	chunk_size: 16M 	num_reg: 10 	lose cover RAM: 50M

[0.147] gran_size: 4M 	chunk_size: 32M 	num_reg: 10 	lose cover RAM: 2M

[0.147] gran_size: 16M 	chunk_size: 256M 	num_reg: 10 	lose cover RAM: 14M

[0.148] *BAD*gran_size: 16M 	chunk_size: 512M 	num_reg: 10 	lose cover RAM: -242M

[0.15] gran_size: 16M 	chunk_size: 1G 	num_reg: 10 	lose cover RAM: 14M

[0.15] *BAD*gran_size: 16M 	chunk_size: 2G 	num_reg: 10 	lose cover RAM: -1010M

[0.153] gran_size: 32M 	chunk_size: 32M 	num_reg: 10 	lose cover RAM: 46M

[0.153] gran_size: 32M 	chunk_size: 64M 	num_reg: 10 	lose cover RAM: 46M

[0.153] gran_size: 32M 	chunk_size: 128M 	num_reg: 10 	lose cover RAM: 46M

[0.153] gran_size: 32M 	chunk_size: 256M 	num_reg: 10 	lose cover RAM: 46M

[0.156] *BAD*gran_size: 32M 	chunk_size: 512M 	num_reg: 10 	lose cover RAM: -210M

[0.156] gran_size: 1G 	chunk_size: 2G 	num_reg: 4 	lose cover RAM: 942M

[0.156] gran_size: 2G 	chunk_size: 2G 	num_reg: 3 	lose cover RAM: 1966M

[0.156] mtrr_cleanup: can not find optimal value

[0.158] please specify mtrr_gran_size/mtrr_chunk_size

[0.158] e820: update [mem 0xcbc00000-0xffffffff] usable ==> reserved

[0.161] e820: last_pfn = 0xcb000 max_arch_pfn = 0x400000000

[0.161] Scanning 1 areas for low memory corruption

[0.161] Base memory trampoline at [ffff880000098000] 98000 size 24576

[0.161] init_memory_mapping: [mem 0x00000000-0x000fffff]

[0.162] [mem 0x00000000-0x000fffff] page 4k

[0.164] BRK [0x01fe5000, 0x01fe5fff] PGTABLE

[0.164] BRK [0x01fe6000, 0x01fe6fff] PGTABLE

[0.165] BRK [0x01fe7000, 0x01fe7fff] PGTABLE

[0.168] init_memory_mapping: [mem 0x42f000000-0x42f1fffff]

[0.168] [mem 0x42f000000-0x42f1fffff] page 2M

[0.168] BRK [0x01fe8000, 0x01fe8fff] PGTABLE

[0.168] [mem 0xc9f7a000-0xc9f7cfff] page 4k

[0.172] init_memory_mapping: [mem 0xca047000-0xca05dfff]

[0.172] [mem 0xca047000-0xca05dfff] page 4k

[0.173] init_memory_mapping: [mem 0xca887000-0xca887fff]

[0.175] [mem 0xca887000-0xca887fff] page 4k

[0.175] init_memory_mapping: [mem 0xca8cb000-0xcacd7fff]

[0.179] [mem 0xca8cb000-0xca9fffff] page 4k

[0.179] [mem 0xcaa00000-0xcabfffff] page 2M

[0.18] [mem 0xcac00000-0xcacd7fff] page 4k

[0.182] init_memory_mapping: [mem 0xcaff4000-0xcaffffff]

[0.182] [mem 0xcaff4000-0xcaffffff] page 4k

[0.184] init_memory_mapping: [mem 0x100000000-0x3ffffffff]

[0.184] [mem 0x100000000-0x3ffffffff] page 2M

[0.188] RAMDISK: [mem 0x357f2000-0x36bf0fff]

[0.188] ACPI: Early table checksum verification disabled

[0.189] ACPI: Local APIC address 0xfee00000

[0.19] No NUMA configuration found

[0.193] Faking a node at [mem 0x0000000000000000-0x000000042f1fffff]

[0.193] NODE_DATA(0) allocated [mem 0x42f1e6000-0x42f1eafff]

[0.193] [ffffea0000000000-ffffea0010bfffff] PMD -> [ffff88041e800000-ffff88042e7fffff] on node 0

[0.193] Zone ranges:

[0.195] DMA [mem 0x00001000-0x00ffffff]

[0.195] DMA32 [mem 0x01000000-0xffffffff]

[0.198] Normal [mem 0x100000000-0x42f1fffff]

[0.198] Movable zone start for each node

[0.198] Early memory node ranges

[0.198] node 0: [mem 0x00001000-0x0009dfff]

[0.199] node 0: [mem 0x00100000-0x1fffffff]

[0.203] node 0: [mem 0x20200000-0x40003fff]

[0.203] node 0: [mem 0x40005000-0xc9746fff]

[0.204] node 0: [mem 0xc9d4b000-0xc9d60fff]

[0.207] node 0: [mem 0xca041000-0xca041fff]

[0.207] node 0: [mem 0xca047000-0xca05dfff]

[0.207] node 0: [mem 0xca887000-0xca887fff]

[0.207] node 0: [mem 0xca8cb000-0xcacd7fff]

[0.209] node 0: [mem 0xcaff4000-0xcaffffff]

[0.209] node 0: [mem 0x100000000-0x42f1fffff]

[0.21] Initmem setup node 0 [mem 0x00001000-0x42f1fffff]

[0.212] On node 0 totalpages: 4165015

[0.212] DMA zone: 64 pages used for memmap

[0.216] DMA zone: 24 pages reserved

[0.216] DMA zone: 3997 pages, LIFO batch:0

[0.217] DMA32 zone: 12848 pages used for memmap

[0.221] DMA32 zone: 822266 pages, LIFO batch:31

[0.221] Normal zone: 52168 pages used for memmap

[0.223] Normal zone: 3338752 pages, LIFO batch:31

[0.223] Reserving Intel graphics stolen memory at 0xcbe00000-0xcfdfffff

[0.225] ACPI: PM-Timer IO Port: 0x408

[0.225] ACPI: Local APIC address 0xfee00000

[0.229] ACPI: LAPIC (acpi_id[0x01] lapic_id[0x00] enabled)

[0.229] ACPI: LAPIC (acpi_id[0x02] lapic_id[0x02] enabled)

[0.23] ACPI: LAPIC (acpi_id[0x03] lapic_id[0x04] enabled)

[0.232] ACPI: LAPIC (acpi_id[0x04] lapic_id[0x06] enabled)

[0.232] ACPI: LAPIC (acpi_id[0x05] lapic_id[0x01] enabled)

[0.235] ACPI: LAPIC (acpi_id[0x06] lapic_id[0x03] enabled)

[0.235] ACPI: LAPIC (acpi_id[0x07] lapic_id[0x05] enabled)

[0.235] ACPI: LAPIC (acpi_id[0x08] lapic_id[0x07] enabled)

[0.235] ACPI: LAPIC_NMI (acpi_id[0xff] high edge lint[0x1])

[0.239] ACPI: IOAPIC (id[0x02] address[0xfec00000] gsi_base[0])

[0.239] IOAPIC[0]: apic_id 2, version 32, address 0xfec00000, GSI 0-23

[0.242] ACPI: INT_SRC_OVR (bus 0 bus_irq 0 global_irq 2 dfl dfl)

[0.242] ACPI: INT_SRC_OVR (bus 0 bus_irq 9 global_irq 9 high level)

[0.242] ACPI: IRQ0 used by override.

[0.242] ACPI: IRQ9 used by override.

[0.243] Using ACPI (MADT) for SMP configuration information

[0.246] ACPI: HPET id: 0x8086a701 base: 0xfed00000

[0.246] smpboot: Allowing 8 CPUs, 0 hotplug CPUs

[0.246] PM: Registered nosave memory: [mem 0x00000000-0x00000fff]

[0.246] PM: Registered nosave memory: [mem 0x0009e000-0x0009ffff]

[0.249] PM: Registered nosave memory: [mem 0x000a0000-0x000fffff]

[0.249] PM: Registered nosave memory: [mem 0x20000000-0x201fffff]

[0.249] PM: Registered nosave memory: [mem 0x40004000-0x40004fff]

[0.249] PM: Registered nosave memory: [mem 0xc9747000-0xc9d47fff]

[0.251] PM: Registered nosave memory: [mem 0xc9d48000-0xc9d4afff]

[0.251] PM: Registered nosave memory: [mem 0xc9d61000-0xc9d66fff]

[0.254] PM: Registered nosave memory: [mem 0xc9d69000-0xc9d72fff]

[0.254] CPU: Physical Processor ID: 0

[0.254] CPU: Processor Core ID: 0

[0.254] ENERGY_PERF_BIAS: Set to 'normal', was 'performance'

[0.258] ENERGY_PERF_BIAS: View and update with x86_energy_perf_policy(8)

[0.258] mce: CPU supports 9 MCE banks

[0.262] CPU0: Thermal monitoring enabled (TM1)

[0.262] process: using mwait in idle threads

[0.263] Last level iTLB entries: 4KB 512, 2MB 8, 4MB 8

[0.266] Last level dTLB entries: 4KB 512, 2MB 32, 4MB 32, 1GB 0

[0.266] Freeing SMP alternatives memory: 32K (ffffffff81e96000 - ffffffff81e9e000)

[0.266] Ignoring BGRT: invalid status 0 (expected 1)

[0.266] ftrace: allocating 30086 entries in 118 pages

[0.268] ..TIMER: vector=0x30 apic1=0 pin1=2 apic2=-1 pin2=-1

[0.268] smpboot: CPU0: Intel(R) Core(TM) i7-3630QM CPU @ 2.40GHz (fam: 06, model: 3a, stepping: 09)

[0.271] TSC deadline timer enabled

[0.271] Performance Events: PEBS fmt1+, 16-deep LBR, IvyBridge events, full-width counters, Intel PMU driver.

[0.271] ... version: 3

[0.271] ... bit width: 48

[0.272] ... generic registers: 4

[0.274] ... value mask: 0000ffffffffffff

[0.274] ... max period: 0000ffffffffffff

[0.277] ... fixed-purpose events: 3

[0.277] ... event mask: 000000070000000f

[0.277] x86: Booting SMP configuration:

[0.277] .... node #0, CPUs: #1

[0.278] CPU1 microcode updated early to revision 0x1b, date = 2017-05-29

[0.279] NMI watchdog: enabled on all CPUs, permanently consumes one hw-PMU counter.

[0.282] #2

[0.282] CPU2 microcode updated early to revision 0x1b, date = 2017-05-29

[0.282] #3

[0.282] CPU3 microcode updated early to revision 0x1b, date = 2017-05-29

[0.285] #4 #5 #6 #7

[0.285] x86: Booted up 1 node, 8 CPUs

[0.285] smpboot: Total of 8 processors activated (38312.68 BogoMIPS)

[0.285] devtmpfs: initialized

[0.287] evm: security.selinux

[0.287] evm: security.SMACK64

[0.289] evm: security.SMACK64EXEC

[0.289] evm: security.SMACK64TRANSMUTE

[0.29] evm: security.SMACK64MMAP

[0.293] evm: security.ima

[0.293] evm: security.capability

[0.293] PM: Registering ACPI NVS region [mem 0xc9747000-0xc9d47fff] (6295552 bytes)

[0.293] PM: Registering ACPI NVS region [mem 0xca602000-0xca881fff] (2621440 bytes)

[0.294] PM: Registering ACPI NVS region [mem 0xca888000-0xca8cafff] (274432 bytes)

[0.297] pinctrl core: initialized pinctrl subsystem

[0.297] RTC time: 5:41:44, date: 07/10/15

[0.297] NET: Registered protocol family 16

[0.297] cpuidle: using governor ladder

[0.299] cpuidle: using governor menu

[0.299] ACPI FADT declares the system doesn't support PCIe ASPM, so disable it

[0.3] ACPI: bus type PCI registered

[0.304] acpiphp: ACPI Hot Plug PCI Controller Driver version: 0.5

[0.304] PCI: MMCONFIG for domain 0000 [bus 00-3f] at [mem 0xf8000000-0xfbffffff] (base 0xf8000000)

[0.305] PCI: MMCONFIG at [mem 0xf8000000-0xfbffffff] reserved in E820

[0.308] PCI: Using configuration type 1 for base access

[0.308] ACPI: Added _OSI(Module Device)

[0.308] ACPI: Added _OSI(Processor Device)

[0.308] ACPI: Added _OSI(3.0 _SCP Extensions)

[0.311] ACPI: Added _OSI(Processor Aggregator Device)

[0.311] ACPI : EC: EC description table is found, configuring boot EC

[0.311] ACPI: Executed 1 blocks of module-level executable AML code

[0.311] [Firmware Bug]: ACPI: BIOS _OSI(Linux) query ignored

[0.312] ACPI: Dynamic OEM Table Load:

[0.313] ACPI: SSDT 0xFFFF88041C049000 000853 (v01 PmRef Cpu0Cst 00003001 INTL 20051117)

[0.315] ACPI: Dynamic OEM Table Load:

[0.315] ACPI: SSDT 0xFFFF88041C7D4C00 000303 (v01 PmRef ApIst 00003000 INTL 20051117)

[0.318] ACPI: Dynamic OEM Table Load:

[0.318] ACPI: SSDT 0xFFFF88041C7DB200 000119 (v01 PmRef ApCst 00003000 INTL 20051117)

[0.318] ACPI: Interpreter enabled

[0.318] ACPI Exception: AE_NOT_FOUND, While evaluating Sleep State [_S1_] (20141107/hwxface-580)

[0.319] ACPI Exception: AE_NOT_FOUND, While evaluating Sleep State [_S2_] (20141107/hwxface-580)

[0.322] ACPI: (supports S0 S3 S4 S5)

[0.322] ACPI: Using IOAPIC for interrupt routing

[0.322] PCI: Using host bridge windows from ACPI; if necessary, use "pci=nocrs" and report a bug

[0.322] ACPI: PCI Root Bridge [PCI0] (domain 0000 [bus 00-3e])

[0.326] acpi PNP0A08:00: _OSC: OS supports [ExtendedConfig ASPM ClockPM Segments MSI]

[0.326] acpi PNP0A08:00: _OSC: platform does not support [PCIeHotplug PME]

[0.328] acpi PNP0A08:00: _OSC: OS now controls [AER PCIeCapability]

[0.328] acpi PNP0A08:00: FADT indicates ASPM is unsupported, using BIOS configuration

[0.33] PCI host bridge to bus 0000:00

[0.33] pci_bus 0000:00: root bus resource [bus 00-3e]

[0.331] pci_bus 0000:00: root bus resource [io 0x0000-0x0cf7]

[0.332] pci_bus 0000:00: root bus resource [io 0x0d00-0xffff]

[0.335] pci_bus 0000:00: root bus resource [mem 0x000a0000-0x000bffff]

[0.335] pci_bus 0000:00: root bus resource [mem 0x000c0000-0x000c3fff]

[0.335] pci_bus 0000:00: root bus resource [mem 0x000c4000-0x000c7fff]

[0.335] pci_bus 0000:00: root bus resource [mem 0x000c8000-0x000cbfff]

[0.337] pci_bus 0000:00: root bus resource [mem 0x000cc000-0x000cffff]

[0.337] pci_bus 0000:00: root bus resource [mem 0x000d0000-0x000d3fff]

[0.34] pci_bus 0000:00: root bus resource [mem 0x000d4000-0x000d7fff]

[0.34] pci_bus 0000:00: root bus resource [mem 0x000d8000-0x000dbfff]

[0.34] pci_bus 0000:00: root bus resource [mem 0x000dc000-0x000dffff]

[0.34] pci_bus 0000:00: root bus resource [mem 0xcfe00000-0xfeafffff]

[0.344] pci 0000:00:00.0: [8086:0154] type 00 class 0x060000

[0.344] pci 0000:00:01.0: [8086:0151] type 01 class 0x060400

[0.346] pci 0000:00:01.0: PME# supported from D0 D3hot D3cold

[0.346] pci 0000:00:01.0: System wakeup disabled by ACPI

[0.349] pci 0000:00:02.0: [8086:0166] type 00 class 0x030000

[0.349] pci 0000:00:02.0: reg 0x10: [mem 0xf7400000-0xf77fffff 64bit]

[0.349] pci 0000:00:02.0: reg 0x18: [mem 0xd0000000-0xdfffffff 64bit pref]

[0.349] pci 0000:00:02.0: reg 0x20: [io 0xf000-0xf03f]

[0.352] pci 0000:00:14.0: [8086:1e31] type 00 class 0x0c0330

[0.352] pci 0000:00:14.0: reg 0x10: [mem 0xf7a00000-0xf7a0ffff 64bit]

[0.352] pci 0000:00:14.0: PME# supported from D3hot D3cold

[0.352] pci 0000:00:14.0: System wakeup disabled by ACPI

[0.355] pci 0000:00:16.0: [8086:1e3a] type 00 class 0x078000

[0.355] pci 0000:00:16.0: reg 0x10: [mem 0xf7a1a000-0xf7a1a00f 64bit]

[0.355] pci 0000:00:16.0: PME# supported from D0 D3hot D3cold

[0.355] pci 0000:00:1a.0: [8086:1e2d] type 00 class 0x0c0320

[0.359] pci 0000:00:1a.0: reg 0x10: [mem 0xf7a18000-0xf7a183ff]

[0.359] pci 0000:00:1a.0: PME# supported from D0 D3hot D3cold

[0.362] pci 0000:00:1a.0: System wakeup disabled by ACPI

[0.362] pci 0000:00:1b.0: [8086:1e20] type 00 class 0x040300

[0.362] pci 0000:00:1b.0: reg 0x10: [mem 0xf7a10000-0xf7a13fff 64bit]

[0.362] pci 0000:00:1b.0: PME# supported from D0 D3hot D3cold

[0.363] pci 0000:00:1b.0: System wakeup disabled by ACPI

[0.367] pci 0000:00:1c.0: [8086:1e10] type 01 class 0x060400

[0.367] pci 0000:00:1c.0: PME# supported from D0 D3hot D3cold

[0.368] pci 0000:00:1c.1: [8086:1e12] type 01 class 0x060400

[0.372] pci 0000:00:1c.1: PME# supported from D0 D3hot D3cold

[0.372] pci 0000:00:1c.3: [8086:1e16] type 01 class 0x060400

[0.374] pci 0000:00:1c.3: PME# supported from D0 D3hot D3cold

[0.374] pci 0000:00:1c.3: System wakeup disabled by ACPI

[0.375] pci 0000:00:1d.0: [8086:1e26] type 00 class 0x0c0320

[0.378] pci 0000:00:1d.0: reg 0x10: [mem 0xf7a17000-0xf7a173ff]

[0.378] pci 0000:00:1d.0: PME# supported from D0 D3hot D3cold

[0.378] pci 0000:00:1d.0: System wakeup disabled by ACPI

[0.378] pci 0000:00:1f.0: [8086:1e59] type 00 class 0x060100

[0.38] pci 0000:00:1f.2: [8086:1e03] type 00 class 0x010601

[0.38] pci 0000:00:1f.2: reg 0x10: [io 0xf0b0-0xf0b7]

[0.382] pci 0000:00:1f.2: reg 0x14: [io 0xf0a0-0xf0a3]

[0.382] pci 0000:00:1f.2: reg 0x18: [io 0xf090-0xf097]

[0.384] pci 0000:00:1f.2: reg 0x1c: [io 0xf080-0xf083]

[0.384] pci 0000:00:1f.2: reg 0x20: [io 0xf060-0xf07f]

[0.388] pci 0000:00:1f.2: reg 0x24: [mem 0xf7a16000-0xf7a167ff]

[0.388] pci 0000:00:1f.2: PME# supported from D3hot

[0.39] pci 0000:00:1f.3: [8086:1e22] type 00 class 0x0c0500

[0.39] pci 0000:00:1f.3: reg 0x10: [mem 0xf7a15000-0xf7a150ff 64bit]

[0.391] pci 0000:00:1f.3: reg 0x20: [io 0xf040-0xf05f]

[0.395] pci 0000:01:00.0: [10de:0fd1] type 00 class 0x030000

[0.395] pci 0000:01:00.0: reg 0x10: [mem 0xf6000000-0xf6ffffff]

[0.396] pci 0000:01:00.0: reg 0x14: [mem 0xe0000000-0xefffffff 64bit pref]

[0.4] pci 0000:01:00.0: reg 0x1c: [mem 0xf0000000-0xf1ffffff 64bit pref]

[0.4] pci 0000:01:00.0: reg 0x24: [io 0xe000-0xe07f]

[0.402] pci 0000:01:00.0: reg 0x30: [mem 0xf7000000-0xf707ffff pref]

[0.402] pci 0000:00:01.0: PCI bridge to [bus 01]

[0.404] pci 0000:00:01.0: bridge window [io 0xe000-0xefff]

[0.404] pci 0000:00:01.0: bridge window [mem 0xf6000000-0xf70fffff]

[0.408] pci 0000:00:01.0: bridge window [mem 0xe0000000-0xf1ffffff 64bit pref]

[0.408] pci 0000:00:1c.0: PCI bridge to [bus 02]

[0.41] pci 0000:03:00.0: [8086:0887] type 00 class 0x028000

[0.41] pci 0000:03:00.0: reg 0x10: [mem 0xf7900000-0xf7901fff 64bit]

[0.413] pci 0000:03:00.0: PME# supported from D0 D3hot D3cold

[0.413] pci 0000:03:00.0: System wakeup disabled by ACPI

[0.413] pci 0000:00:1c.1: PCI bridge to [bus 03]

[0.413] pci 0000:00:1c.1: bridge window [mem 0xf7900000-0xf79fffff]

[0.414] pci 0000:04:00.0: [1969:1091] type 00 class 0x020000

[0.415] pci 0000:04:00.0: reg 0x10: [mem 0xf7800000-0xf783ffff 64bit]

[0.416] pci 0000:04:00.0: reg 0x18: [io 0xd000-0xd07f]

[0.42] pci 0000:04:00.0: PME# supported from D0 D1 D2 D3hot D3cold

[0.42] pci 0000:04:00.0: System wakeup disabled by ACPI

[0.423] pci 0000:00:1c.3: PCI bridge to [bus 04]

[0.423] pci 0000:00:1c.3: bridge window [io 0xd000-0xdfff]

[0.423] pci 0000:00:1c.3: bridge window [mem 0xf7800000-0xf78fffff]

[0.423] ACPI: PCI Interrupt Link [LNKA] (IRQs 3 4 5 6 7 10 11 12) *0, disabled.

[0.426] ACPI: PCI Interrupt Link [LNKB] (IRQs 3 4 5 6 7 10 12) *0, disabled.

[0.426] ACPI: PCI Interrupt Link [LNKC] (IRQs 3 4 5 6 7 10 12) *0, disabled.

[0.426] ACPI: PCI Interrupt Link [LNKD] (IRQs 3 4 5 6 7 10 12) *0, disabled.

[0.426] ACPI: PCI Interrupt Link [LNKE] (IRQs 3 4 5 6 7 10 12) *0, disabled.

[0.43] ACPI: PCI Interrupt Link [LNKF] (IRQs 3 4 5 6 7 10 12) *0, disabled.

[0.43] ACPI: PCI Interrupt Link [LNKG] (IRQs 3 4 5 6 7 10 12) *0, disabled.

[0.434] ACPI: PCI Interrupt Link [LNKH] (IRQs 3 4 5 6 7 10 12) *0, disabled.

[0.434] ACPI: Enabled 4 GPEs in block 00 to 3F

[0.437] ACPI : EC: GPE = 0x19, I/O: command/status = 0x66, data = 0x62

[0.437] vgaarb: setting as boot device: PCI:0000:00:02.0

[0.437] vgaarb: device added: PCI:0000:00:02.0,decodes=io+mem,owns=io+mem,locks=none

[0.437] vgaarb: device added: PCI:0000:01:00.0,decodes=io+mem,owns=none,locks=none

[0.44] vgaarb: loaded

[0.44] vgaarb: bridge control possible 0000:01:00.0

[0.44] vgaarb: no bridge control possible 0000:00:02.0

[0.44] SCSI subsystem initialized

[0.442] libata version 3.00 loaded.

[0.442] ACPI: bus type USB registered

[0.443] usbcore: registered new interface driver usbfs

[0.444] usbcore: registered new interface driver hub

[0.446] usbcore: registered new device driver usb

[0.446] PCI: Using ACPI for IRQ routing

[0.45] PCI: pci_cache_line_size set to 64 bytes

[0.45] e820: reserve RAM buffer [mem 0x0009e000-0x0009ffff]

[0.453] e820: reserve RAM buffer [mem 0x40004000-0x43ffffff]

[0.453] e820: reserve RAM buffer [mem 0xc9747000-0xcbffffff]

[0.453] e820: reserve RAM buffer [mem 0xc9d61000-0xcbffffff]

[0.453] e820: reserve RAM buffer [mem 0xc9d69000-0xcbffffff]

[0.457] e820: reserve RAM buffer [mem 0xc9f07000-0xcbffffff]

[0.457] e820: reserve RAM buffer [mem 0xc9f54000-0xcbffffff]

[0.459] e820: reserve RAM buffer [mem 0xc9f7d000-0xcbffffff]

[0.459] e820: reserve RAM buffer [mem 0xc9f96000-0xcbffffff]

[0.462] e820: reserve RAM buffer [mem 0xc9fa4000-0xcbffffff]

[0.462] e820: reserve RAM buffer [mem 0xc9fb4000-0xcbffffff]

[0.462] e820: reserve RAM buffer [mem 0xc9fc0000-0xcbffffff]

[0.462] e820: reserve RAM buffer [mem 0xc9ff1000-0xcbffffff]

[0.465] e820: reserve RAM buffer [mem 0xca002000-0xcbffffff]

[0.465] e820: reserve RAM buffer [mem 0xca03d000-0xcbffffff]

[0.465] e820: reserve RAM buffer [mem 0xca03f000-0xcbffffff]

[0.465] e820: reserve RAM buffer [mem 0xca042000-0xcbffffff]

[0.468] e820: reserve RAM buffer [mem 0xca05e000-0xcbffffff]

[0.468] e820: reserve RAM buffer [mem 0xca888000-0xcbffffff]

[0.468] e820: reserve RAM buffer [mem 0xcacd8000-0xcbffffff]

[0.468] e820: reserve RAM buffer [mem 0xcb000000-0xcbffffff]

[0.469] e820: reserve RAM buffer [mem 0x42f200000-0x42fffffff]

[0.472] NetLabel: Initializing

[0.472] NetLabel: domain hash size = 128

[0.472] NetLabel: protocols = UNLABELED CIPSOv4

[0.472] NetLabel: unlabeled traffic allowed by default

[0.474] hpet0: at MMIO 0xfed00000, IRQs 2, 8, 0, 0, 0, 0, 0, 0

[0.474] hpet0: 8 comparators, 64-bit 14.318180 MHz counter

[0.477] Switched to clocksource hpet

[0.477] AppArmor: AppArmor Filesystem Enabled

[0.477] pnp: PnP ACPI init

[0.477] system 00:00: [mem 0xfed40000-0xfed44fff] has been reserved

[0.479] system 00:00: Plug and Play ACPI device, IDs PNP0c01 (active)

[0.479] system 00:01: [io 0x0680-0x069f] has been reserved

[0.483] system 00:01: [io 0x1000-0x100f] has been reserved

[0.483] system 00:01: [io 0xffff] has been reserved

[0.485] system 00:01: [io 0xffff] has been reserved

[0.485] system 00:01: [io 0x0400-0x0453] could not be reserved

[0.488] system 00:01: [io 0x0458-0x047f] has been reserved

[0.488] system 00:01: [io 0x0500-0x057f] has been reserved

[0.488] system 00:01: [io 0x164e-0x164f] has been reserved

[0.488] system 00:01: Plug and Play ACPI device, IDs PNP0c02 (active)

[0.489] pnp 00:02: Plug and Play ACPI device, IDs PNP0b00 (active)

[0.491] system 00:03: [io 0x0454-0x0457] has been reserved

[0.491] system 00:03: Plug and Play ACPI device, IDs INT3f0d PNP0c02 (active)

[0.495] system 00:04: [io 0x04d0-0x04d1] has been reserved

[0.495] system 00:04: Plug and Play ACPI device, IDs PNP0c02 (active)

[0.496] pnp 00:05: Plug and Play ACPI device, IDs ETD0108 SYN0a00 SYN0002 PNP0f03 PNP0f13 PNP0f12 (active)

[0.5] pnp 00:06: Plug and Play ACPI device, IDs ATK3001 PNP030b (active)

[0.5] system 00:07: [mem 0xfed1c000-0xfed1ffff] has been reserved

[0.504] system 00:07: [mem 0xfed10000-0xfed17fff] has been reserved

[0.504] system 00:07: [mem 0xfed18000-0xfed18fff] has been reserved

[0.508] system 00:07: [mem 0xfed19000-0xfed19fff] has been reserved

[0.508] system 00:07: [mem 0xf8000000-0xfbffffff] has been reserved

[0.512] system 00:07: [mem 0xfed20000-0xfed3ffff] has been reserved

[0.512] system 00:07: [mem 0xfed90000-0xfed93fff] has been reserved

[0.515] system 00:07: [mem 0xfed45000-0xfed8ffff] has been reserved

[0.515] system 00:07: [mem 0xff000000-0xffffffff] has been reserved

[0.515] system 00:07: [mem 0xfee00000-0xfeefffff] could not be reserved

[0.515] system 00:07: [mem 0xcfe00000-0xcfe00fff] has been reserved

[0.516] system 00:07: Plug and Play ACPI device, IDs PNP0c02 (active)

[0.517] system 00:08: [mem 0xcfe00000-0xcfe00fff] has been reserved

[0.521] system 00:08: Plug and Play ACPI device, IDs PNP0c02 (active)

[0.521] system 00:09: [mem 0x20000000-0x201fffff] has been reserved

[0.522] system 00:09: [mem 0x40004000-0x40004fff] has been reserved

[0.526] system 00:09: Plug and Play ACPI device, IDs PNP0c01 (active)

[0.526] pnp: PnP ACPI: found 10 devices

[0.529] pci 0000:00:01.0: PCI bridge to [bus 01]

[0.529] pci 0000:00:01.0: bridge window [io 0xe000-0xefff]

[0.529] pci 0000:00:01.0: bridge window [mem 0xf6000000-0xf70fffff]

[0.529] pci 0000:00:01.0: bridge window [mem 0xe0000000-0xf1ffffff 64bit pref]

[0.531] pci 0000:00:1c.0: PCI bridge to [bus 02]

[0.531] pci 0000:00:1c.1: PCI bridge to [bus 03]

[0.534] pci 0000:00:1c.1: bridge window [mem 0xf7900000-0xf79fffff]

[0.534] pci 0000:00:1c.3: PCI bridge to [bus 04]

[0.534] pci 0000:00:1c.3: bridge window [io 0xd000-0xdfff]

[0.534] pci 0000:00:1c.3: bridge window [mem 0xf7800000-0xf78fffff]

[0.536] pci_bus 0000:00: resource 4 [io 0x0000-0x0cf7]

[0.536] pci_bus 0000:00: resource 5 [io 0x0d00-0xffff]

[0.54] pci_bus 0000:00: resource 6 [mem 0x000a0000-0x000bffff]

[0.54] pci_bus 0000:00: resource 7 [mem 0x000c0000-0x000c3fff]

[0.543] pci_bus 0000:00: resource 8 [mem 0x000c4000-0x000c7fff]

[0.543] pci_bus 0000:00: resource 9 [mem 0x000c8000-0x000cbfff]

[0.543] pci_bus 0000:00: resource 10 [mem 0x000cc000-0x000cffff]

[0.543] pci_bus 0000:00: resource 11 [mem 0x000d0000-0x000d3fff]

[0.546] pci_bus 0000:00: resource 12 [mem 0x000d4000-0x000d7fff]

[0.546] pci_bus 0000:00: resource 13 [mem 0x000d8000-0x000dbfff]

[0.546] pci_bus 0000:00: resource 14 [mem 0x000dc000-0x000dffff]

[0.546] pci_bus 0000:00: resource 15 [mem 0xcfe00000-0xfeafffff]

[0.548] pci_bus 0000:01: resource 0 [io 0xe000-0xefff]

[0.548] pci_bus 0000:01: resource 1 [mem 0xf6000000-0xf70fffff]

[0.552] pci_bus 0000:01: resource 2 [mem 0xe0000000-0xf1ffffff 64bit pref]

[0.552] pci_bus 0000:03: resource 1 [mem 0xf7900000-0xf79fffff]

[0.555] pci_bus 0000:04: resource 0 [io 0xd000-0xdfff]

[0.555] pci_bus 0000:04: resource 1 [mem 0xf7800000-0xf78fffff]

[0.555] NET: Registered protocol family 2

[0.555] TCP established hash table entries: 131072 (order: 8, 1048576 bytes)

[0.559] TCP bind hash table entries: 65536 (order: 8, 1048576 bytes)

[0.559] TCP: Hash tables configured (established 131072 bind 65536)

[0.56] TCP: reno registered

[0.562] UDP hash table entries: 8192 (order: 6, 262144 bytes)

[0.562] UDP-Lite hash table entries: 8192 (order: 6, 262144 bytes)

[0.563] NET: Registered protocol family 1

[0.567] pci 0000:00:02.0: Video device with shadowed ROM

[0.567] pci 0000:04:00.0: set MSI_INTX_DISABLE_BUG flag

[0.568] PCI: CLS 64 bytes, default 64

[0.571] Trying to unpack rootfs image as initramfs...

[0.571] Freeing initrd memory: 20476K (ffff8800357f2000 - ffff880036bf1000)

[0.571] PCI-DMA: Using software bounce buffering for IO (SWIOTLB)

[0.571] software IO TLB [mem 0xc406c000-0xc806c000] (64MB) mapped at [ffff8800c406c000-ffff8800c806bfff]

[0.574] RAPL PMU detected, hw unit 2^-16 Joules, API unit is 2^-32 Joules, 3 fixed counters 163840 ms ovfl timer

[0.574] microcode: CPU0 sig=0x306a9, pf=0x10, revision=0x1b

[0.574] microcode: CPU1 sig=0x306a9, pf=0x10, revision=0x1b

[0.574] microcode: CPU2 sig=0x306a9, pf=0x10, revision=0x1b

[0.577] microcode: CPU3 sig=0x306a9, pf=0x10, revision=0x1b

[0.577] microcode: CPU4 sig=0x306a9, pf=0x10, revision=0x1b

[0.577] microcode: CPU5 sig=0x306a9, pf=0x10, revision=0x1b

[0.577] microcode: CPU6 sig=0x306a9, pf=0x10, revision=0x1b

[0.581] microcode: CPU7 sig=0x306a9, pf=0x10, revision=0x1b

[0.581] microcode: Microcode Update Driver: v2.00 , Peter Oruba

[0.582] Scanning for low memory corruption every 60 seconds

[0.585] futex hash table entries: 2048 (order: 5, 131072 bytes)

[0.585] Initialise system trusted keyring

[0.585] audit: initializing netlink subsys (disabled)

[0.585] audit: type=2000 audit(1436506904.680:1): initialized

[0.588] HugeTLB registered 2 MB page size, pre-allocated 0 pages

[0.588] zpool: loaded

[0.588] zbud: loaded

[0.588] VFS: Disk quotas dquot_6.5.2

[0.59] VFS: Dquot-cache hash table entries: 512 (order 0, 4096 bytes)

[0.59] fuse init (API version 7.23)

[0.592] Key type big_key registered

[0.592] Key type asymmetric registered

[0.595] Asymmetric key parser 'x509' registered

[0.595] Block layer SCSI generic (bsg) driver version 0.4 loaded (major 252)

[0.595] io scheduler noop registered

[0.595] io scheduler deadline registered (default)

[0.599] io scheduler cfq registered

[0.599] pci_hotplug: PCI Hot Plug PCI Core version: 0.5

[0.601] pciehp: PCI Express Hot Plug Controller Driver version: 0.4

[0.601] iwlwifi 0000:03:00.0 wlan0: disabling HT/VHT due to WEP/TKIP use

[0.603] iwlwifi 0000:03:00.0 wlan0: disabling HT as WMM/QoS is not supported by the AP

[0.603] iwlwifi 0000:03:00.0 wlan0: disabling VHT as WMM/QoS is not supported by the AP

[0.604] wlan0: associate with 00:90:cc:ea:f4:16 (try 1/3)

[0.608] wlan0: RX AssocResp from 00:90:cc:ea:f4:16 (capab=0x431 status=0 aid=3)

[0.608] wlan0: associated

[0.612] vboxdrv: Found 8 processor cores.

[0.612] vboxdrv: fAsync=0 offMin=0x165 offMax=0x24ab

[0.615] vboxdrv: TSC mode is 'synchronous', kernel timer mode is 'normal'.

[0.615] vboxdrv: Successfully loaded version 4.3.26_Ubuntu (interface 0x001a000a).

[0.615] vboxpci: IOMMU not found (not registered)

[0.615] Ebtables v2.0 registered

[0.618] bridge: automatic filtering via arp/ip/ip6tables has been deprecated. Update your scripts to load br_netfilter if you need this.

[0.618] device virbr0-nic entered promiscuous mode

[0.618] nf_conntrack version 0.5.0 (16384 buckets, 65536 max)

[0.618] virbr0: port 1(virbr0-nic) entered listening state

[0.622] virbr0: port 1(virbr0-nic) entered listening state

[0.622] virbr0: port 1(virbr0-nic) entered disabled state

Initialising...
